Component: ARM Compiler 5.06 update 6 (build 750) Tool: armlink [4d35ed]

==============================================================================

Section Cross References

    main.o(i.SystemClock_Config) refers to stm32f1xx_ll_utils.o(i.LL_Init1msTick) for LL_Init1msTick
    main.o(i.SystemClock_Config) refers to stm32f1xx_ll_utils.o(i.LL_SetSystemCoreClock) for LL_SetSystemCoreClock
    main.o(i.UART) refers to f2d.o(.text) for __aeabi_f2d
    main.o(i.UART) refers to cdcmple.o(.text) for __aeabi_cdcmple
    main.o(i.UART) refers to main.o(i.LL_USART_IsActiveFlag_TXE) for LL_USART_IsActiveFlag_TXE
    main.o(i.UART) refers to main.o(i.LL_USART_TransmitData8) for LL_USART_TransmitData8
    main.o(i.UART) refers to cfcmple.o(.text) for __aeabi_cfcmple
    main.o(i.UART) refers to cfrcmple.o(.text) for __aeabi_cfrcmple
    main.o(i.UART) refers to cdrcmple.o(.text) for __aeabi_cdrcmple
    main.o(i.UART) refers to adconv.o(.data) for AccY
    main.o(i.UART) refers to main.o(.bss) for AR
    main.o(i.UART) refers to main.o(.data) for OK
    main.o(i.main) refers to main.o(i.SystemClock_Config) for SystemClock_Config
    main.o(i.main) refers to codeurincremental.o(i.Encoder2_Config) for Encoder2_Config
    main.o(i.main) refers to codeurincremental.o(i.Index_configuration) for Index_configuration
    main.o(i.main) refers to servo.o(i.Servo_Conf) for Servo_Conf
    main.o(i.main) refers to mcc.o(i.MCC_Conf) for MCC_Conf
    main.o(i.main) refers to adconv.o(i.ADConvert) for ADConvert
    main.o(i.main) refers to codeurincremental.o(i.if_Index) for if_Index
    main.o(i.main) refers to main.o(i.UART) for UART
    main.o(i.main) refers to servo.o(i.conversion_angle) for conversion_angle
    main.o(i.main) refers to servo.o(i.Servo_Start) for Servo_Start
    main.o(i.main) refers to rftelecommande.o(i.MyTimer_PWM_In_Duty_Cycle) for MyTimer_PWM_In_Duty_Cycle
    main.o(i.main) refers to mcc.o(i.MCC_Start) for MCC_Start
    main.o(i.main) refers to myadc.o(.data) for f
    mcc.o(i.MCC_Conf) refers to mytimer.o(i.MyTimer_Conf) for MyTimer_Conf
    mcc.o(i.MCC_Conf) refers to mytimer.o(i.MyTimer_IT_Enable) for MyTimer_IT_Enable
    mcc.o(i.MCC_Conf) refers to mcc.o(i.LL_GPIO_SetPinMode) for LL_GPIO_SetPinMode
    mcc.o(i.MCC_Conf) refers to mcc.o(i.LL_GPIO_SetPinOutputType) for LL_GPIO_SetPinOutputType
    mcc.o(i.MCC_Start) refers to mytimer.o(i.MyTimer_Start) for MyTimer_Start
    mcc.o(i.MCC_Start) refers to fmul.o(.text) for __aeabi_fmul
    mcc.o(i.MCC_Start) refers to cfcmple.o(.text) for __aeabi_cfcmple
    mcc.o(i.MCC_Start) refers to f2d.o(.text) for __aeabi_f2d
    mcc.o(i.MCC_Start) refers to cdcmple.o(.text) for __aeabi_cdcmple
    mcc.o(i.MCC_Start) refers to cfrcmple.o(.text) for __aeabi_cfrcmple
    mcc.o(i.MCC_Start) refers to dflti.o(.text) for __aeabi_i2d
    mcc.o(i.MCC_Start) refers to dadd.o(.text) for __aeabi_drsub
    mcc.o(i.MCC_Start) refers to dmul.o(.text) for __aeabi_dmul
    mcc.o(i.MCC_Start) refers to dfixi.o(.text) for __aeabi_d2iz
    mcc.o(i.MCC_Start) refers to cdrcmple.o(.text) for __aeabi_cdrcmple
    servo.o(i.Servo_Conf) refers to mytimer.o(i.MyTimer_Conf) for MyTimer_Conf
    servo.o(i.Servo_Conf) refers to mytimer.o(i.MyTimer_IT_Enable) for MyTimer_IT_Enable
    servo.o(i.Servo_Conf) refers to mytimer.o(i.MyTimer_Start) for MyTimer_Start
    servo.o(i.Servo_Start) refers to f2d.o(.text) for __aeabi_f2d
    servo.o(i.Servo_Start) refers to dmul.o(.text) for __aeabi_dmul
    servo.o(i.Servo_Start) refers to dadd.o(.text) for __aeabi_dadd
    servo.o(i.Servo_Start) refers to dfixui.o(.text) for __aeabi_d2uiz
    servo.o(i.conversion_angle) refers to dflti.o(.text) for __aeabi_i2d
    servo.o(i.conversion_angle) refers to dmul.o(.text) for __aeabi_dmul
    servo.o(i.conversion_angle) refers to dadd.o(.text) for __aeabi_dsub
    servo.o(i.conversion_angle) refers to d2f.o(.text) for __aeabi_d2f
    adconv.o(i.ADConvert) refers to myadc.o(i.MyADC_Conf) for MyADC_Conf
    adconv.o(i.ADConvert) refers to adconv.o(i.Average) for Average
    adconv.o(i.Average) refers to fflti.o(.text) for __aeabi_i2f
    adconv.o(i.Average) refers to fdiv.o(.text) for __aeabi_fdiv
    adconv.o(i.Average) refers to f2d.o(.text) for __aeabi_f2d
    adconv.o(i.Average) refers to dmul.o(.text) for __aeabi_dmul
    adconv.o(i.Average) refers to d2f.o(.text) for __aeabi_d2f
    adconv.o(i.Average) refers to fmul.o(.text) for __aeabi_fmul
    adconv.o(i.Average) refers to myadc.o(.bss) for ADCData
    adconv.o(i.Average) refers to adconv.o(.bss) for ADCValue
    adconv.o(i.Average) refers to adconv.o(.data) for AccX
    codeurincremental.o(i.Encoder2_Config) refers to codeurincremental.o(i.LL_TIM_CC_EnableChannel) for LL_TIM_CC_EnableChannel
    codeurincremental.o(i.GPIO_config) refers to codeurincremental.o(i.LL_GPIO_SetPinMode) for LL_GPIO_SetPinMode
    codeurincremental.o(i.GPIO_config) refers to codeurincremental.o(i.LL_GPIO_SetPinPull) for LL_GPIO_SetPinPull
    codeurincremental.o(i.Index_configuration) refers to codeurincremental.o(i.GPIO_config) for GPIO_config
    codeurincremental.o(i.Index_configuration) refers to rftelecommande.o(i.GPIOB_pb6_pb7_Config) for GPIOB_pb6_pb7_Config
    codeurincremental.o(i.Index_configuration) refers to mytimer.o(i.MyTimer_Start) for MyTimer_Start
    codeurincremental.o(i.Index_configuration) refers to rftelecommande.o(i.MyTimer_Conf_PWM_In) for MyTimer_Conf_PWM_In
    codeurincremental.o(i.Index_configuration) refers to codeurincremental.o(i.LL_GPIO_IsInputPinSet) for LL_GPIO_IsInputPinSet
    codeurincremental.o(i.if_Index) refers to codeurincremental.o(i.LL_GPIO_IsInputPinSet) for LL_GPIO_IsInputPinSet
    rftelecommande.o(i.GPIOB_pb6_pb7_Config) refers to rftelecommande.o(i.LL_GPIO_SetPinPull) for LL_GPIO_SetPinPull
    rftelecommande.o(i.MyTimer_Conf_PWM_In) refers to stm32f1xx_ll_tim.o(i.LL_TIM_Init) for LL_TIM_Init
    rftelecommande.o(i.MyTimer_Conf_PWM_In) refers to stm32f1xx_ll_tim.o(i.LL_TIM_IC_Init) for LL_TIM_IC_Init
    rftelecommande.o(i.MyTimer_PWM_In_Duty_Cycle) refers to ffltui.o(.text) for __aeabi_ui2f
    rftelecommande.o(i.MyTimer_PWM_In_Duty_Cycle) refers to fdiv.o(.text) for __aeabi_fdiv
    mytimer.o(i.MyTimer_Conf) refers to mytimer.o(i.LL_APB1_GRP1_EnableClock) for LL_APB1_GRP1_EnableClock
    mytimer.o(i.MyTimer_Conf) refers to stm32f1xx_ll_tim.o(i.LL_TIM_Init) for LL_TIM_Init
    mytimer.o(i.MyTimer_Conf) refers to mytimer.o(i.LL_TIM_DisableIT_UPDATE) for LL_TIM_DisableIT_UPDATE
    mytimer.o(i.MyTimer_Conf) refers to mytimer.o(i.LL_TIM_DisableCounter) for LL_TIM_DisableCounter
    mytimer.o(i.MyTimer_IT_Conf) refers to mytimer.o(i.LL_TIM_DisableIT_UPDATE) for LL_TIM_DisableIT_UPDATE
    mytimer.o(i.MyTimer_IT_Conf) refers to mytimer.o(.data) for Ptr_ItFct_TIM1
    mytimer.o(i.MyTimer_IT_Disable) refers to mytimer.o(i.LL_TIM_DisableIT_UPDATE) for LL_TIM_DisableIT_UPDATE
    mytimer.o(i.MyTimer_Stop) refers to mytimer.o(i.LL_TIM_DisableCounter) for LL_TIM_DisableCounter
    mytimer.o(i.TIM1_UP_IRQHandler) refers to mytimer.o(i.LL_TIM_ClearFlag_UPDATE) for LL_TIM_ClearFlag_UPDATE
    mytimer.o(i.TIM1_UP_IRQHandler) refers to mytimer.o(.data) for Ptr_ItFct_TIM1
    mytimer.o(i.TIM2_IRQHandler) refers to mytimer.o(i.LL_TIM_ClearFlag_UPDATE) for LL_TIM_ClearFlag_UPDATE
    mytimer.o(i.TIM2_IRQHandler) refers to mytimer.o(.data) for Ptr_ItFct_TIM2
    mytimer.o(i.TIM3_IRQHandler) refers to mytimer.o(i.LL_TIM_ClearFlag_UPDATE) for LL_TIM_ClearFlag_UPDATE
    mytimer.o(i.TIM3_IRQHandler) refers to mytimer.o(.data) for Ptr_ItFct_TIM3
    mytimer.o(i.TIM4_IRQHandler) refers to mytimer.o(i.LL_TIM_ClearFlag_UPDATE) for LL_TIM_ClearFlag_UPDATE
    mytimer.o(i.TIM4_IRQHandler) refers to mytimer.o(.data) for Ptr_ItFct_TIM4
    myadc.o(i.DMA1_Channel1_IRQHandler) refers to myadc.o(.data) for Ptr_ItFct
    myadc.o(i.MyADC_Conf) refers to myadc.o(i.LL_APB2_GRP1_EnableClock) for LL_APB2_GRP1_EnableClock
    myadc.o(i.MyADC_Conf) refers to myadc.o(i.LL_GPIO_SetPinMode) for LL_GPIO_SetPinMode
    myadc.o(i.MyADC_Conf) refers to stm32f1xx_ll_usart.o(i.LL_USART_Init) for LL_USART_Init
    myadc.o(i.MyADC_Conf) refers to myadc.o(i.LL_GPIO_SetPinOutputType) for LL_GPIO_SetPinOutputType
    myadc.o(i.MyADC_Conf) refers to stm32f1xx_ll_dma.o(i.LL_DMA_Init) for LL_DMA_Init
    myadc.o(i.MyADC_Conf) refers to stm32f1xx_ll_adc.o(i.LL_ADC_Init) for LL_ADC_Init
    myadc.o(i.MyADC_Conf) refers to stm32f1xx_ll_adc.o(i.LL_ADC_REG_Init) for LL_ADC_REG_Init
    myadc.o(i.MyADC_Conf) refers to myadc.o(i.LL_ADC_SetChannelSamplingTime) for LL_ADC_SetChannelSamplingTime
    myadc.o(i.MyADC_Conf) refers to myadc.o(i.LL_ADC_REG_SetSequencerRanks) for LL_ADC_REG_SetSequencerRanks
    myadc.o(i.MyADC_Conf) refers to myadc.o(.bss) for ADCData
    myadc.o(i.MyADC_Conf) refers to myadc.o(.constdata) for CHANNEL_OFFSET_TAB
    myadc.o(i.MyADC_Conf) refers to myadc.o(.data) for Ptr_ItFct
    stm32f1xx_ll_rcc.o(i.LL_RCC_DeInit) refers to stm32f1xx_ll_rcc.o(i.LL_RCC_PLL_IsReady) for LL_RCC_PLL_IsReady
    stm32f1xx_ll_rcc.o(i.LL_RCC_GetADCClockFreq) refers to main.o(i.assert_failed) for assert_failed
    stm32f1xx_ll_rcc.o(i.LL_RCC_GetADCClockFreq) refers to stm32f1xx_ll_rcc.o(i.RCC_GetSystemClockFreq) for RCC_GetSystemClockFreq
    stm32f1xx_ll_rcc.o(i.LL_RCC_GetADCClockFreq) refers to stm32f1xx_ll_rcc.o(i.RCC_GetHCLKClockFreq) for RCC_GetHCLKClockFreq
    stm32f1xx_ll_rcc.o(i.LL_RCC_GetADCClockFreq) refers to stm32f1xx_ll_rcc.o(i.RCC_GetPCLK2ClockFreq) for RCC_GetPCLK2ClockFreq
    stm32f1xx_ll_rcc.o(i.LL_RCC_GetSystemClocksFreq) refers to stm32f1xx_ll_rcc.o(i.RCC_GetSystemClockFreq) for RCC_GetSystemClockFreq
    stm32f1xx_ll_rcc.o(i.LL_RCC_GetSystemClocksFreq) refers to stm32f1xx_ll_rcc.o(i.RCC_GetHCLKClockFreq) for RCC_GetHCLKClockFreq
    stm32f1xx_ll_rcc.o(i.LL_RCC_GetSystemClocksFreq) refers to stm32f1xx_ll_rcc.o(i.RCC_GetPCLK1ClockFreq) for RCC_GetPCLK1ClockFreq
    stm32f1xx_ll_rcc.o(i.LL_RCC_GetSystemClocksFreq) refers to stm32f1xx_ll_rcc.o(i.RCC_GetPCLK2ClockFreq) for RCC_GetPCLK2ClockFreq
    stm32f1xx_ll_rcc.o(i.LL_RCC_GetUSBClockFreq) refers to main.o(i.assert_failed) for assert_failed
    stm32f1xx_ll_rcc.o(i.LL_RCC_GetUSBClockFreq) refers to stm32f1xx_ll_rcc.o(i.LL_RCC_PLL_IsReady) for LL_RCC_PLL_IsReady
    stm32f1xx_ll_rcc.o(i.LL_RCC_GetUSBClockFreq) refers to stm32f1xx_ll_rcc.o(i.RCC_PLL_GetFreqDomain_SYS) for RCC_PLL_GetFreqDomain_SYS
    stm32f1xx_ll_rcc.o(i.RCC_GetHCLKClockFreq) refers to system_stm32f1xx.o(.constdata) for AHBPrescTable
    stm32f1xx_ll_rcc.o(i.RCC_GetPCLK1ClockFreq) refers to system_stm32f1xx.o(.constdata) for APBPrescTable
    stm32f1xx_ll_rcc.o(i.RCC_GetPCLK2ClockFreq) refers to system_stm32f1xx.o(.constdata) for APBPrescTable
    stm32f1xx_ll_rcc.o(i.RCC_GetSystemClockFreq) refers to stm32f1xx_ll_rcc.o(i.RCC_PLL_GetFreqDomain_SYS) for RCC_PLL_GetFreqDomain_SYS
    stm32f1xx_ll_utils.o(i.LL_PLL_ConfigSystemClock_HSE) refers to main.o(i.assert_failed) for assert_failed
    stm32f1xx_ll_utils.o(i.LL_PLL_ConfigSystemClock_HSE) refers to stm32f1xx_ll_utils.o(i.UTILS_PLL_IsBusy) for UTILS_PLL_IsBusy
    stm32f1xx_ll_utils.o(i.LL_PLL_ConfigSystemClock_HSE) refers to stm32f1xx_ll_utils.o(i.UTILS_GetPLLOutputFrequency) for UTILS_GetPLLOutputFrequency
    stm32f1xx_ll_utils.o(i.LL_PLL_ConfigSystemClock_HSE) refers to stm32f1xx_ll_utils.o(i.LL_RCC_HSE_IsReady) for LL_RCC_HSE_IsReady
    stm32f1xx_ll_utils.o(i.LL_PLL_ConfigSystemClock_HSE) refers to stm32f1xx_ll_utils.o(i.LL_RCC_PLL_ConfigDomain_SYS) for LL_RCC_PLL_ConfigDomain_SYS
    stm32f1xx_ll_utils.o(i.LL_PLL_ConfigSystemClock_HSE) refers to stm32f1xx_ll_utils.o(i.UTILS_EnablePLLAndSwitchSystem) for UTILS_EnablePLLAndSwitchSystem
    stm32f1xx_ll_utils.o(i.LL_PLL_ConfigSystemClock_HSI) refers to stm32f1xx_ll_utils.o(i.UTILS_PLL_IsBusy) for UTILS_PLL_IsBusy
    stm32f1xx_ll_utils.o(i.LL_PLL_ConfigSystemClock_HSI) refers to stm32f1xx_ll_utils.o(i.UTILS_GetPLLOutputFrequency) for UTILS_GetPLLOutputFrequency
    stm32f1xx_ll_utils.o(i.LL_PLL_ConfigSystemClock_HSI) refers to stm32f1xx_ll_utils.o(i.LL_RCC_HSI_IsReady) for LL_RCC_HSI_IsReady
    stm32f1xx_ll_utils.o(i.LL_PLL_ConfigSystemClock_HSI) refers to stm32f1xx_ll_utils.o(i.LL_RCC_PLL_ConfigDomain_SYS) for LL_RCC_PLL_ConfigDomain_SYS
    stm32f1xx_ll_utils.o(i.LL_PLL_ConfigSystemClock_HSI) refers to stm32f1xx_ll_utils.o(i.UTILS_EnablePLLAndSwitchSystem) for UTILS_EnablePLLAndSwitchSystem
    stm32f1xx_ll_utils.o(i.LL_SetSystemCoreClock) refers to system_stm32f1xx.o(.data) for SystemCoreClock
    stm32f1xx_ll_utils.o(i.UTILS_EnablePLLAndSwitchSystem) refers to main.o(i.assert_failed) for assert_failed
    stm32f1xx_ll_utils.o(i.UTILS_EnablePLLAndSwitchSystem) refers to stm32f1xx_ll_utils.o(i.UTILS_SetFlashLatency) for UTILS_SetFlashLatency
    stm32f1xx_ll_utils.o(i.UTILS_EnablePLLAndSwitchSystem) refers to stm32f1xx_ll_utils.o(i.LL_RCC_PLL_IsReady) for LL_RCC_PLL_IsReady
    stm32f1xx_ll_utils.o(i.UTILS_EnablePLLAndSwitchSystem) refers to stm32f1xx_ll_utils.o(i.LL_SetSystemCoreClock) for LL_SetSystemCoreClock
    stm32f1xx_ll_utils.o(i.UTILS_EnablePLLAndSwitchSystem) refers to system_stm32f1xx.o(.constdata) for AHBPrescTable
    stm32f1xx_ll_utils.o(i.UTILS_EnablePLLAndSwitchSystem) refers to system_stm32f1xx.o(.data) for SystemCoreClock
    stm32f1xx_ll_utils.o(i.UTILS_GetPLLOutputFrequency) refers to main.o(i.assert_failed) for assert_failed
    stm32f1xx_ll_utils.o(i.UTILS_PLL_IsBusy) refers to stm32f1xx_ll_utils.o(i.LL_RCC_PLL_IsReady) for LL_RCC_PLL_IsReady
    stm32f1xx_ll_tim.o(i.IC1Config) refers to main.o(i.assert_failed) for assert_failed
    stm32f1xx_ll_tim.o(i.IC2Config) refers to main.o(i.assert_failed) for assert_failed
    stm32f1xx_ll_tim.o(i.IC3Config) refers to main.o(i.assert_failed) for assert_failed
    stm32f1xx_ll_tim.o(i.IC4Config) refers to main.o(i.assert_failed) for assert_failed
    stm32f1xx_ll_tim.o(i.LL_TIM_BDTR_Init) refers to main.o(i.assert_failed) for assert_failed
    stm32f1xx_ll_tim.o(i.LL_TIM_DeInit) refers to main.o(i.assert_failed) for assert_failed
    stm32f1xx_ll_tim.o(i.LL_TIM_DeInit) refers to stm32f1xx_ll_tim.o(i.LL_APB1_GRP1_ForceReset) for LL_APB1_GRP1_ForceReset
    stm32f1xx_ll_tim.o(i.LL_TIM_DeInit) refers to stm32f1xx_ll_tim.o(i.LL_APB1_GRP1_ReleaseReset) for LL_APB1_GRP1_ReleaseReset
    stm32f1xx_ll_tim.o(i.LL_TIM_ENCODER_Init) refers to main.o(i.assert_failed) for assert_failed
    stm32f1xx_ll_tim.o(i.LL_TIM_HALLSENSOR_Init) refers to main.o(i.assert_failed) for assert_failed
    stm32f1xx_ll_tim.o(i.LL_TIM_HALLSENSOR_Init) refers to stm32f1xx_ll_tim.o(i.LL_TIM_OC_SetCompareCH2) for LL_TIM_OC_SetCompareCH2
    stm32f1xx_ll_tim.o(i.LL_TIM_IC_Init) refers to stm32f1xx_ll_tim.o(i.IC1Config) for IC1Config
    stm32f1xx_ll_tim.o(i.LL_TIM_IC_Init) refers to stm32f1xx_ll_tim.o(i.IC2Config) for IC2Config
    stm32f1xx_ll_tim.o(i.LL_TIM_IC_Init) refers to stm32f1xx_ll_tim.o(i.IC3Config) for IC3Config
    stm32f1xx_ll_tim.o(i.LL_TIM_IC_Init) refers to stm32f1xx_ll_tim.o(i.IC4Config) for IC4Config
    stm32f1xx_ll_tim.o(i.LL_TIM_Init) refers to main.o(i.assert_failed) for assert_failed
    stm32f1xx_ll_tim.o(i.LL_TIM_OC_Init) refers to stm32f1xx_ll_tim.o(i.OC1Config) for OC1Config
    stm32f1xx_ll_tim.o(i.LL_TIM_OC_Init) refers to stm32f1xx_ll_tim.o(i.OC2Config) for OC2Config
    stm32f1xx_ll_tim.o(i.LL_TIM_OC_Init) refers to stm32f1xx_ll_tim.o(i.OC3Config) for OC3Config
    stm32f1xx_ll_tim.o(i.LL_TIM_OC_Init) refers to stm32f1xx_ll_tim.o(i.OC4Config) for OC4Config
    stm32f1xx_ll_tim.o(i.OC1Config) refers to main.o(i.assert_failed) for assert_failed
    stm32f1xx_ll_tim.o(i.OC2Config) refers to main.o(i.assert_failed) for assert_failed
    stm32f1xx_ll_tim.o(i.OC2Config) refers to stm32f1xx_ll_tim.o(i.LL_TIM_OC_SetCompareCH2) for LL_TIM_OC_SetCompareCH2
    stm32f1xx_ll_tim.o(i.OC3Config) refers to main.o(i.assert_failed) for assert_failed
    stm32f1xx_ll_tim.o(i.OC4Config) refers to main.o(i.assert_failed) for assert_failed
    stm32f1xx_ll_adc.o(i.LL_ADC_CommonDeInit) refers to main.o(i.assert_failed) for assert_failed
    stm32f1xx_ll_adc.o(i.LL_ADC_CommonInit) refers to main.o(i.assert_failed) for assert_failed
    stm32f1xx_ll_adc.o(i.LL_ADC_CommonInit) refers to stm32f1xx_ll_adc.o(i.LL_ADC_IsEnabled) for LL_ADC_IsEnabled
    stm32f1xx_ll_adc.o(i.LL_ADC_DeInit) refers to main.o(i.assert_failed) for assert_failed
    stm32f1xx_ll_adc.o(i.LL_ADC_DeInit) refers to stm32f1xx_ll_adc.o(i.LL_ADC_IsEnabled) for LL_ADC_IsEnabled
    stm32f1xx_ll_adc.o(i.LL_ADC_INJ_Init) refers to main.o(i.assert_failed) for assert_failed
    stm32f1xx_ll_adc.o(i.LL_ADC_INJ_Init) refers to stm32f1xx_ll_adc.o(i.LL_ADC_IsEnabled) for LL_ADC_IsEnabled
    stm32f1xx_ll_adc.o(i.LL_ADC_Init) refers to main.o(i.assert_failed) for assert_failed
    stm32f1xx_ll_adc.o(i.LL_ADC_Init) refers to stm32f1xx_ll_adc.o(i.LL_ADC_IsEnabled) for LL_ADC_IsEnabled
    stm32f1xx_ll_adc.o(i.LL_ADC_REG_Init) refers to main.o(i.assert_failed) for assert_failed
    stm32f1xx_ll_adc.o(i.LL_ADC_REG_Init) refers to stm32f1xx_ll_adc.o(i.LL_ADC_IsEnabled) for LL_ADC_IsEnabled
    stm32f1xx_ll_dma.o(i.LL_DMA_DeInit) refers to main.o(i.assert_failed) for assert_failed
    stm32f1xx_ll_dma.o(i.LL_DMA_Init) refers to main.o(i.assert_failed) for assert_failed
    stm32f1xx_ll_dma.o(i.LL_DMA_Init) refers to stm32f1xx_ll_dma.o(.constdata) for CHANNEL_OFFSET_TAB
    stm32f1xx_ll_usart.o(i.LL_USART_ClockInit) refers to main.o(i.assert_failed) for assert_failed
    stm32f1xx_ll_usart.o(i.LL_USART_ClockInit) refers to stm32f1xx_ll_usart.o(i.LL_USART_IsEnabled) for LL_USART_IsEnabled
    stm32f1xx_ll_usart.o(i.LL_USART_DeInit) refers to main.o(i.assert_failed) for assert_failed
    stm32f1xx_ll_usart.o(i.LL_USART_DeInit) refers to stm32f1xx_ll_usart.o(i.LL_APB1_GRP1_ForceReset) for LL_APB1_GRP1_ForceReset
    stm32f1xx_ll_usart.o(i.LL_USART_DeInit) refers to stm32f1xx_ll_usart.o(i.LL_APB1_GRP1_ReleaseReset) for LL_APB1_GRP1_ReleaseReset
    stm32f1xx_ll_usart.o(i.LL_USART_Init) refers to main.o(i.assert_failed) for assert_failed
    stm32f1xx_ll_usart.o(i.LL_USART_Init) refers to stm32f1xx_ll_usart.o(i.LL_USART_IsEnabled) for LL_USART_IsEnabled
    stm32f1xx_ll_usart.o(i.LL_USART_Init) refers to stm32f1xx_ll_rcc.o(i.LL_RCC_GetSystemClocksFreq) for LL_RCC_GetSystemClocksFreq
    stm32f1xx_ll_usart.o(i.LL_USART_Init) refers to stm32f1xx_ll_usart.o(i.LL_USART_SetBaudRate) for LL_USART_SetBaudRate
    system_stm32f1xx.o(i.SystemCoreClockUpdate) refers to system_stm32f1xx.o(.data) for SystemCoreClock
    system_stm32f1xx.o(i.SystemCoreClockUpdate) refers to system_stm32f1xx.o(.constdata) for AHBPrescTable
    startup_stm32f103xb.o(RESET) refers to startup_stm32f103xb.o(STACK) for __initial_sp
    startup_stm32f103xb.o(RESET) refers to startup_stm32f103xb.o(.text) for Reset_Handler
    startup_stm32f103xb.o(RESET) refers to myadc.o(i.DMA1_Channel1_IRQHandler) for DMA1_Channel1_IRQHandler
    startup_stm32f103xb.o(RESET) refers to mytimer.o(i.TIM1_UP_IRQHandler) for TIM1_UP_IRQHandler
    startup_stm32f103xb.o(RESET) refers to mytimer.o(i.TIM2_IRQHandler) for TIM2_IRQHandler
    startup_stm32f103xb.o(RESET) refers to mytimer.o(i.TIM3_IRQHandler) for TIM3_IRQHandler
    startup_stm32f103xb.o(RESET) refers to mytimer.o(i.TIM4_IRQHandler) for TIM4_IRQHandler
    startup_stm32f103xb.o(.text) refers to system_stm32f1xx.o(i.SystemInit) for SystemInit
    startup_stm32f103xb.o(.text) refers to entry.o(.ARM.Collect$$$$00000000) for __main
    entry.o(.ARM.Collect$$$$00000000) refers (Special) to entry10a.o(.ARM.Collect$$$$0000000D) for __rt_final_cpp
    entry.o(.ARM.Collect$$$$00000000) refers (Special) to entry11a.o(.ARM.Collect$$$$0000000F) for __rt_final_exit
    entry.o(.ARM.Collect$$$$00000000) refers (Special) to entry7b.o(.ARM.Collect$$$$00000008) for _main_clock
    entry.o(.ARM.Collect$$$$00000000) refers (Special) to entry8b.o(.ARM.Collect$$$$0000000A) for _main_cpp_init
    entry.o(.ARM.Collect$$$$00000000) refers (Special) to entry9a.o(.ARM.Collect$$$$0000000B) for _main_init
    entry.o(.ARM.Collect$$$$00000000) refers (Special) to entry5.o(.ARM.Collect$$$$00000004) for _main_scatterload
    entry.o(.ARM.Collect$$$$00000000) refers (Special) to entry2.o(.ARM.Collect$$$$00000001) for _main_stk
    fmul.o(.text) refers (Special) to iusefp.o(.text) for __I$use$fp
    fdiv.o(.text) refers (Special) to iusefp.o(.text) for __I$use$fp
    fdiv.o(.text) refers to fepilogue.o(.text) for _float_round
    dadd.o(.text) refers (Special) to iusefp.o(.text) for __I$use$fp
    dadd.o(.text) refers to llshl.o(.text) for __aeabi_llsl
    dadd.o(.text) refers to llsshr.o(.text) for __aeabi_lasr
    dadd.o(.text) refers to depilogue.o(.text) for _double_epilogue
    dmul.o(.text) refers (Special) to iusefp.o(.text) for __I$use$fp
    dmul.o(.text) refers to depilogue.o(.text) for _double_epilogue
    fflti.o(.text) refers (Special) to iusefp.o(.text) for __I$use$fp
    fflti.o(.text) refers to fepilogue.o(.text) for _float_epilogue
    ffltui.o(.text) refers (Special) to iusefp.o(.text) for __I$use$fp
    ffltui.o(.text) refers to fepilogue.o(.text) for _float_epilogue
    dflti.o(.text) refers (Special) to iusefp.o(.text) for __I$use$fp
    dflti.o(.text) refers to depilogue.o(.text) for _double_epilogue
    dfixi.o(.text) refers (Special) to iusefp.o(.text) for __I$use$fp
    dfixi.o(.text) refers to llushr.o(.text) for __aeabi_llsr
    dfixui.o(.text) refers (Special) to iusefp.o(.text) for __I$use$fp
    dfixui.o(.text) refers to llushr.o(.text) for __aeabi_llsr
    f2d.o(.text) refers (Special) to iusefp.o(.text) for __I$use$fp
    cdcmple.o(.text) refers (Special) to iusefp.o(.text) for __I$use$fp
    cdrcmple.o(.text) refers (Special) to iusefp.o(.text) for __I$use$fp
    d2f.o(.text) refers (Special) to iusefp.o(.text) for __I$use$fp
    d2f.o(.text) refers to fepilogue.o(.text) for _float_round
    cfcmple.o(.text) refers (Special) to iusefp.o(.text) for __I$use$fp
    cfrcmple.o(.text) refers (Special) to iusefp.o(.text) for __I$use$fp
    entry2.o(.ARM.Collect$$$$00000001) refers to entry2.o(.ARM.Collect$$$$00002712) for __lit__00000000
    entry2.o(.ARM.Collect$$$$00002712) refers to startup_stm32f103xb.o(STACK) for __initial_sp
    entry2.o(__vectab_stack_and_reset_area) refers to startup_stm32f103xb.o(STACK) for __initial_sp
    entry2.o(__vectab_stack_and_reset_area) refers to entry.o(.ARM.Collect$$$$00000000) for __main
    entry5.o(.ARM.Collect$$$$00000004) refers to init.o(.text) for __scatterload
    entry9a.o(.ARM.Collect$$$$0000000B) refers to main.o(i.main) for main
    entry9b.o(.ARM.Collect$$$$0000000C) refers to main.o(i.main) for main
    depilogue.o(.text) refers to llshl.o(.text) for __aeabi_llsl
    depilogue.o(.text) refers to llushr.o(.text) for __aeabi_llsr
    init.o(.text) refers to entry5.o(.ARM.Collect$$$$00000004) for __main_after_scatterload


==============================================================================

Removing Unused input sections from the image.

    Removing main.o(.rev16_text), (4 bytes).
    Removing main.o(.revsh_text), (4 bytes).
    Removing main.o(.rrx_text), (6 bytes).
    Removing main.o(.constdata), (42 bytes).
    Removing mcc.o(.rev16_text), (4 bytes).
    Removing mcc.o(.revsh_text), (4 bytes).
    Removing mcc.o(.rrx_text), (6 bytes).
    Removing mcc.o(.constdata), (35 bytes).
    Removing servo.o(.rev16_text), (4 bytes).
    Removing servo.o(.revsh_text), (4 bytes).
    Removing servo.o(.rrx_text), (6 bytes).
    Removing servo.o(.constdata), (35 bytes).
    Removing adconv.o(.rev16_text), (4 bytes).
    Removing adconv.o(.revsh_text), (4 bytes).
    Removing adconv.o(.rrx_text), (6 bytes).
    Removing adconv.o(.constdata), (7 bytes).
    Removing codeurincremental.o(.rev16_text), (4 bytes).
    Removing codeurincremental.o(.revsh_text), (4 bytes).
    Removing codeurincremental.o(.rrx_text), (6 bytes).
    Removing codeurincremental.o(.constdata), (35 bytes).
    Removing rftelecommande.o(.rev16_text), (4 bytes).
    Removing rftelecommande.o(.revsh_text), (4 bytes).
    Removing rftelecommande.o(.rrx_text), (6 bytes).
    Removing rftelecommande.o(.constdata), (35 bytes).
    Removing mytimer.o(.rev16_text), (4 bytes).
    Removing mytimer.o(.revsh_text), (4 bytes).
    Removing mytimer.o(.rrx_text), (6 bytes).
    Removing mytimer.o(i.MyTimer_IT_Conf), (192 bytes).
    Removing mytimer.o(i.MyTimer_IT_Disable), (12 bytes).
    Removing mytimer.o(i.MyTimer_Stop), (12 bytes).
    Removing mytimer.o(.constdata), (35 bytes).
    Removing myadc.o(.rev16_text), (4 bytes).
    Removing myadc.o(.revsh_text), (4 bytes).
    Removing myadc.o(.rrx_text), (6 bytes).
    Removing stm32f1xx_ll_rcc.o(.rev16_text), (4 bytes).
    Removing stm32f1xx_ll_rcc.o(.revsh_text), (4 bytes).
    Removing stm32f1xx_ll_rcc.o(.rrx_text), (6 bytes).
    Removing stm32f1xx_ll_rcc.o(i.LL_RCC_DeInit), (152 bytes).
    Removing stm32f1xx_ll_rcc.o(i.LL_RCC_GetADCClockFreq), (124 bytes).
    Removing stm32f1xx_ll_rcc.o(i.LL_RCC_GetUSBClockFreq), (120 bytes).
    Removing stm32f1xx_ll_rcc.o(i.LL_RCC_PLL_IsReady), (16 bytes).
    Removing stm32f1xx_ll_utils.o(.rev16_text), (4 bytes).
    Removing stm32f1xx_ll_utils.o(.revsh_text), (4 bytes).
    Removing stm32f1xx_ll_utils.o(.rrx_text), (6 bytes).
    Removing stm32f1xx_ll_utils.o(i.LL_PLL_ConfigSystemClock_HSE), (260 bytes).
    Removing stm32f1xx_ll_utils.o(i.LL_PLL_ConfigSystemClock_HSI), (104 bytes).
    Removing stm32f1xx_ll_utils.o(i.LL_RCC_HSE_IsReady), (16 bytes).
    Removing stm32f1xx_ll_utils.o(i.LL_RCC_HSI_IsReady), (16 bytes).
    Removing stm32f1xx_ll_utils.o(i.LL_RCC_PLL_ConfigDomain_SYS), (28 bytes).
    Removing stm32f1xx_ll_utils.o(i.LL_RCC_PLL_IsReady), (16 bytes).
    Removing stm32f1xx_ll_utils.o(i.LL_mDelay), (40 bytes).
    Removing stm32f1xx_ll_utils.o(i.UTILS_EnablePLLAndSwitchSystem), (416 bytes).
    Removing stm32f1xx_ll_utils.o(i.UTILS_GetPLLOutputFrequency), (228 bytes).
    Removing stm32f1xx_ll_utils.o(i.UTILS_PLL_IsBusy), (16 bytes).
    Removing stm32f1xx_ll_utils.o(i.UTILS_SetFlashLatency), (80 bytes).
    Removing stm32f1xx_ll_tim.o(.rev16_text), (4 bytes).
    Removing stm32f1xx_ll_tim.o(.revsh_text), (4 bytes).
    Removing stm32f1xx_ll_tim.o(.rrx_text), (6 bytes).
    Removing stm32f1xx_ll_tim.o(i.LL_APB1_GRP1_ForceReset), (16 bytes).
    Removing stm32f1xx_ll_tim.o(i.LL_APB1_GRP1_ReleaseReset), (16 bytes).
    Removing stm32f1xx_ll_tim.o(i.LL_TIM_BDTR_Init), (312 bytes).
    Removing stm32f1xx_ll_tim.o(i.LL_TIM_BDTR_StructInit), (18 bytes).
    Removing stm32f1xx_ll_tim.o(i.LL_TIM_DeInit), (192 bytes).
    Removing stm32f1xx_ll_tim.o(i.LL_TIM_ENCODER_Init), (688 bytes).
    Removing stm32f1xx_ll_tim.o(i.LL_TIM_ENCODER_StructInit), (36 bytes).
    Removing stm32f1xx_ll_tim.o(i.LL_TIM_HALLSENSOR_Init), (396 bytes).
    Removing stm32f1xx_ll_tim.o(i.LL_TIM_HALLSENSOR_StructInit), (12 bytes).
    Removing stm32f1xx_ll_tim.o(i.LL_TIM_IC_StructInit), (18 bytes).
    Removing stm32f1xx_ll_tim.o(i.LL_TIM_OC_Init), (92 bytes).
    Removing stm32f1xx_ll_tim.o(i.LL_TIM_OC_SetCompareCH2), (4 bytes).
    Removing stm32f1xx_ll_tim.o(i.LL_TIM_OC_StructInit), (20 bytes).
    Removing stm32f1xx_ll_tim.o(i.LL_TIM_StructInit), (18 bytes).
    Removing stm32f1xx_ll_tim.o(i.OC1Config), (404 bytes).
    Removing stm32f1xx_ll_tim.o(i.OC2Config), (404 bytes).
    Removing stm32f1xx_ll_tim.o(i.OC3Config), (404 bytes).
    Removing stm32f1xx_ll_tim.o(i.OC4Config), (372 bytes).
    Removing stm32f1xx_ll_tim.o(.constdata), (35 bytes).
    Removing stm32f1xx_ll_adc.o(.rev16_text), (4 bytes).
    Removing stm32f1xx_ll_adc.o(.revsh_text), (4 bytes).
    Removing stm32f1xx_ll_adc.o(.rrx_text), (6 bytes).
    Removing stm32f1xx_ll_adc.o(i.LL_ADC_CommonDeInit), (100 bytes).
    Removing stm32f1xx_ll_adc.o(i.LL_ADC_CommonInit), (216 bytes).
    Removing stm32f1xx_ll_adc.o(i.LL_ADC_CommonStructInit), (6 bytes).
    Removing stm32f1xx_ll_adc.o(i.LL_ADC_DeInit), (272 bytes).
    Removing stm32f1xx_ll_adc.o(i.LL_ADC_INJ_Init), (316 bytes).
    Removing stm32f1xx_ll_adc.o(i.LL_ADC_INJ_StructInit), (16 bytes).
    Removing stm32f1xx_ll_adc.o(i.LL_ADC_REG_StructInit), (18 bytes).
    Removing stm32f1xx_ll_adc.o(i.LL_ADC_StructInit), (12 bytes).
    Removing stm32f1xx_ll_dma.o(.rev16_text), (4 bytes).
    Removing stm32f1xx_ll_dma.o(.revsh_text), (4 bytes).
    Removing stm32f1xx_ll_dma.o(.rrx_text), (6 bytes).
    Removing stm32f1xx_ll_dma.o(i.LL_DMA_DeInit), (344 bytes).
    Removing stm32f1xx_ll_dma.o(i.LL_DMA_StructInit), (24 bytes).
    Removing stm32f1xx_ll_usart.o(.rev16_text), (4 bytes).
    Removing stm32f1xx_ll_usart.o(.revsh_text), (4 bytes).
    Removing stm32f1xx_ll_usart.o(.rrx_text), (6 bytes).
    Removing stm32f1xx_ll_usart.o(i.LL_APB1_GRP1_ForceReset), (16 bytes).
    Removing stm32f1xx_ll_usart.o(i.LL_APB1_GRP1_ReleaseReset), (16 bytes).
    Removing stm32f1xx_ll_usart.o(i.LL_USART_ClockInit), (276 bytes).
    Removing stm32f1xx_ll_usart.o(i.LL_USART_ClockStructInit), (12 bytes).
    Removing stm32f1xx_ll_usart.o(i.LL_USART_DeInit), (180 bytes).
    Removing stm32f1xx_ll_usart.o(i.LL_USART_StructInit), (24 bytes).
    Removing system_stm32f1xx.o(.rev16_text), (4 bytes).
    Removing system_stm32f1xx.o(.revsh_text), (4 bytes).
    Removing system_stm32f1xx.o(.rrx_text), (6 bytes).
    Removing system_stm32f1xx.o(i.SystemCoreClockUpdate), (164 bytes).
    Removing startup_stm32f103xb.o(HEAP), (512 bytes).

107 unused section(s) (total 8263 bytes) removed from the image.

==============================================================================

Image Symbol Table

    Local Symbols

    Symbol Name                              Value     Ov Type        Size  Object(Section)

    ../Src/main.c                            0x00000000   Number         0  main.o ABSOLUTE
    ../Src/system_stm32f1xx.c                0x00000000   Number         0  system_stm32f1xx.o ABSOLUTE
    ../clib/microlib/init/entry.s            0x00000000   Number         0  entry2.o ABSOLUTE
    ../clib/microlib/init/entry.s            0x00000000   Number         0  entry7a.o ABSOLUTE
    ../clib/microlib/init/entry.s            0x00000000   Number         0  entry5.o ABSOLUTE
    ../clib/microlib/init/entry.s            0x00000000   Number         0  entry7b.o ABSOLUTE
    ../clib/microlib/init/entry.s            0x00000000   Number         0  entry9a.o ABSOLUTE
    ../clib/microlib/init/entry.s            0x00000000   Number         0  entry8a.o ABSOLUTE
    ../clib/microlib/init/entry.s            0x00000000   Number         0  entry8b.o ABSOLUTE
    ../clib/microlib/init/entry.s            0x00000000   Number         0  entry9b.o ABSOLUTE
    ../clib/microlib/init/entry.s            0x00000000   Number         0  entry10b.o ABSOLUTE
    ../clib/microlib/init/entry.s            0x00000000   Number         0  entry11a.o ABSOLUTE
    ../clib/microlib/init/entry.s            0x00000000   Number         0  entry11b.o ABSOLUTE
    ../clib/microlib/init/entry.s            0x00000000   Number         0  entry.o ABSOLUTE
    ../clib/microlib/init/entry.s            0x00000000   Number         0  entry10a.o ABSOLUTE
    ../clib/microlib/longlong.c              0x00000000   Number         0  llushr.o ABSOLUTE
    ../clib/microlib/longlong.c              0x00000000   Number         0  llshl.o ABSOLUTE
    ../clib/microlib/longlong.c              0x00000000   Number         0  llsshr.o ABSOLUTE
    ../clib/microlib/stubs.s                 0x00000000   Number         0  iusefp.o ABSOLUTE
    ../fplib/microlib/d2f.c                  0x00000000   Number         0  d2f.o ABSOLUTE
    ../fplib/microlib/f2d.c                  0x00000000   Number         0  f2d.o ABSOLUTE
    ../fplib/microlib/fpadd.c                0x00000000   Number         0  dadd.o ABSOLUTE
    ../fplib/microlib/fpdiv.c                0x00000000   Number         0  fdiv.o ABSOLUTE
    ../fplib/microlib/fpepilogue.c           0x00000000   Number         0  depilogue.o ABSOLUTE
    ../fplib/microlib/fpepilogue.c           0x00000000   Number         0  fepilogue.o ABSOLUTE
    ../fplib/microlib/fpfix.c                0x00000000   Number         0  dfixui.o ABSOLUTE
    ../fplib/microlib/fpfix.c                0x00000000   Number         0  dfixi.o ABSOLUTE
    ../fplib/microlib/fpflt.c                0x00000000   Number         0  fflti.o ABSOLUTE
    ../fplib/microlib/fpflt.c                0x00000000   Number         0  ffltui.o ABSOLUTE
    ../fplib/microlib/fpflt.c                0x00000000   Number         0  dflti.o ABSOLUTE
    ../fplib/microlib/fpmul.c                0x00000000   Number         0  fmul.o ABSOLUTE
    ../fplib/microlib/fpmul.c                0x00000000   Number         0  dmul.o ABSOLUTE
    ..\LLDrivers\src\stm32f1xx_ll_adc.c      0x00000000   Number         0  stm32f1xx_ll_adc.o ABSOLUTE
    ..\LLDrivers\src\stm32f1xx_ll_dma.c      0x00000000   Number         0  stm32f1xx_ll_dma.o ABSOLUTE
    ..\LLDrivers\src\stm32f1xx_ll_rcc.c      0x00000000   Number         0  stm32f1xx_ll_rcc.o ABSOLUTE
    ..\LLDrivers\src\stm32f1xx_ll_tim.c      0x00000000   Number         0  stm32f1xx_ll_tim.o ABSOLUTE
    ..\LLDrivers\src\stm32f1xx_ll_usart.c    0x00000000   Number         0  stm32f1xx_ll_usart.o ABSOLUTE
    ..\LLDrivers\src\stm32f1xx_ll_utils.c    0x00000000   Number         0  stm32f1xx_ll_utils.o ABSOLUTE
    ..\MyDrivers\MyADC.c                     0x00000000   Number         0  myadc.o ABSOLUTE
    ..\MyDrivers\MyTimer.c                   0x00000000   Number         0  mytimer.o ABSOLUTE
    ..\Services\ADConv.c                     0x00000000   Number         0  adconv.o ABSOLUTE
    ..\Services\CodeurIncremental.c          0x00000000   Number         0  codeurincremental.o ABSOLUTE
    ..\Services\MCC.c                        0x00000000   Number         0  mcc.o ABSOLUTE
    ..\Services\RFtelecommande.c             0x00000000   Number         0  rftelecommande.o ABSOLUTE
    ..\Services\Servo.c                      0x00000000   Number         0  servo.o ABSOLUTE
    ..\Src\main.c                            0x00000000   Number         0  main.o ABSOLUTE
    ..\Src\system_stm32f1xx.c                0x00000000   Number         0  system_stm32f1xx.o ABSOLUTE
    ..\\LLDrivers\\src\\stm32f1xx_ll_adc.c   0x00000000   Number         0  stm32f1xx_ll_adc.o ABSOLUTE
    ..\\LLDrivers\\src\\stm32f1xx_ll_dma.c   0x00000000   Number         0  stm32f1xx_ll_dma.o ABSOLUTE
    ..\\LLDrivers\\src\\stm32f1xx_ll_rcc.c   0x00000000   Number         0  stm32f1xx_ll_rcc.o ABSOLUTE
    ..\\LLDrivers\\src\\stm32f1xx_ll_tim.c   0x00000000   Number         0  stm32f1xx_ll_tim.o ABSOLUTE
    ..\\LLDrivers\\src\\stm32f1xx_ll_usart.c 0x00000000   Number         0  stm32f1xx_ll_usart.o ABSOLUTE
    ..\\LLDrivers\\src\\stm32f1xx_ll_utils.c 0x00000000   Number         0  stm32f1xx_ll_utils.o ABSOLUTE
    ..\\MyDrivers\\MyADC.c                   0x00000000   Number         0  myadc.o ABSOLUTE
    ..\\MyDrivers\\MyTimer.c                 0x00000000   Number         0  mytimer.o ABSOLUTE
    ..\\Services\\ADConv.c                   0x00000000   Number         0  adconv.o ABSOLUTE
    ..\\Services\\CodeurIncremental.c        0x00000000   Number         0  codeurincremental.o ABSOLUTE
    ..\\Services\\MCC.c                      0x00000000   Number         0  mcc.o ABSOLUTE
    ..\\Services\\RFtelecommande.c           0x00000000   Number         0  rftelecommande.o ABSOLUTE
    ..\\Services\\Servo.c                    0x00000000   Number         0  servo.o ABSOLUTE
    cdcmple.s                                0x00000000   Number         0  cdcmple.o ABSOLUTE
    cdrcmple.s                               0x00000000   Number         0  cdrcmple.o ABSOLUTE
    cfcmple.s                                0x00000000   Number         0  cfcmple.o ABSOLUTE
    cfrcmple.s                               0x00000000   Number         0  cfrcmple.o ABSOLUTE
    dc.s                                     0x00000000   Number         0  dc.o ABSOLUTE
    handlers.s                               0x00000000   Number         0  handlers.o ABSOLUTE
    init.s                                   0x00000000   Number         0  init.o ABSOLUTE
    startup_stm32f103xb.s                    0x00000000   Number         0  startup_stm32f103xb.o ABSOLUTE
    RESET                                    0x08000000   Section      236  startup_stm32f103xb.o(RESET)
    .ARM.Collect$$$$00000000                 0x080000ec   Section        0  entry.o(.ARM.Collect$$$$00000000)
    .ARM.Collect$$$$00000001                 0x080000ec   Section        4  entry2.o(.ARM.Collect$$$$00000001)
    .ARM.Collect$$$$00000004                 0x080000f0   Section        4  entry5.o(.ARM.Collect$$$$00000004)
    .ARM.Collect$$$$00000008                 0x080000f4   Section        0  entry7b.o(.ARM.Collect$$$$00000008)
    .ARM.Collect$$$$0000000A                 0x080000f4   Section        0  entry8b.o(.ARM.Collect$$$$0000000A)
    .ARM.Collect$$$$0000000B                 0x080000f4   Section        8  entry9a.o(.ARM.Collect$$$$0000000B)
    .ARM.Collect$$$$0000000D                 0x080000fc   Section        0  entry10a.o(.ARM.Collect$$$$0000000D)
    .ARM.Collect$$$$0000000F                 0x080000fc   Section        0  entry11a.o(.ARM.Collect$$$$0000000F)
    .ARM.Collect$$$$00002712                 0x080000fc   Section        4  entry2.o(.ARM.Collect$$$$00002712)
    __lit__00000000                          0x080000fc   Data           4  entry2.o(.ARM.Collect$$$$00002712)
    .text                                    0x08000100   Section       36  startup_stm32f103xb.o(.text)
    .text                                    0x08000124   Section        0  fmul.o(.text)
    .text                                    0x08000188   Section        0  fdiv.o(.text)
    .text                                    0x08000204   Section        0  dadd.o(.text)
    .text                                    0x08000352   Section        0  dmul.o(.text)
    .text                                    0x08000436   Section        0  fflti.o(.text)
    .text                                    0x08000448   Section        0  ffltui.o(.text)
    .text                                    0x08000452   Section        0  dflti.o(.text)
    .text                                    0x08000474   Section        0  dfixi.o(.text)
    .text                                    0x080004b2   Section        0  dfixui.o(.text)
    .text                                    0x080004e4   Section        0  f2d.o(.text)
    .text                                    0x0800050c   Section       48  cdcmple.o(.text)
    .text                                    0x0800053c   Section       48  cdrcmple.o(.text)
    .text                                    0x0800056c   Section        0  d2f.o(.text)
    .text                                    0x080005a4   Section       20  cfcmple.o(.text)
    .text                                    0x080005b8   Section       20  cfrcmple.o(.text)
    .text                                    0x080005cc   Section        0  llshl.o(.text)
    .text                                    0x080005ea   Section        0  llushr.o(.text)
    .text                                    0x0800060a   Section        0  llsshr.o(.text)
    .text                                    0x0800062e   Section        0  fepilogue.o(.text)
    .text                                    0x0800062e   Section        0  iusefp.o(.text)
    .text                                    0x0800069c   Section        0  depilogue.o(.text)
    .text                                    0x08000758   Section       36  init.o(.text)
    i.ADConvert                              0x0800077c   Section        0  adconv.o(i.ADConvert)
    i.Average                                0x0800078c   Section        0  adconv.o(i.Average)
    i.DMA1_Channel1_IRQHandler               0x08000870   Section        0  myadc.o(i.DMA1_Channel1_IRQHandler)
    i.Encoder2_Config                        0x08000898   Section        0  codeurincremental.o(i.Encoder2_Config)
    i.GPIOB_pb6_pb7_Config                   0x08000978   Section        0  rftelecommande.o(i.GPIOB_pb6_pb7_Config)
    i.GPIO_config                            0x080009b4   Section        0  codeurincremental.o(i.GPIO_config)
    i.IC1Config                              0x08000a20   Section        0  stm32f1xx_ll_tim.o(i.IC1Config)
    IC1Config                                0x08000a21   Thumb Code   326  stm32f1xx_ll_tim.o(i.IC1Config)
    i.IC2Config                              0x08000b98   Section        0  stm32f1xx_ll_tim.o(i.IC2Config)
    IC2Config                                0x08000b99   Thumb Code   328  stm32f1xx_ll_tim.o(i.IC2Config)
    i.IC3Config                              0x08000d10   Section        0  stm32f1xx_ll_tim.o(i.IC3Config)
    IC3Config                                0x08000d11   Thumb Code   330  stm32f1xx_ll_tim.o(i.IC3Config)
    i.IC4Config                              0x08000e8c   Section        0  stm32f1xx_ll_tim.o(i.IC4Config)
    IC4Config                                0x08000e8d   Thumb Code   330  stm32f1xx_ll_tim.o(i.IC4Config)
    i.Index_configuration                    0x08001008   Section        0  codeurincremental.o(i.Index_configuration)
    i.LL_ADC_Init                            0x08001048   Section        0  stm32f1xx_ll_adc.o(i.LL_ADC_Init)
    i.LL_ADC_IsEnabled                       0x080010ec   Section        0  stm32f1xx_ll_adc.o(i.LL_ADC_IsEnabled)
    LL_ADC_IsEnabled                         0x080010ed   Thumb Code    10  stm32f1xx_ll_adc.o(i.LL_ADC_IsEnabled)
    i.LL_ADC_REG_Init                        0x080010f8   Section        0  stm32f1xx_ll_adc.o(i.LL_ADC_REG_Init)
    i.LL_ADC_REG_SetSequencerRanks           0x080012f0   Section        0  myadc.o(i.LL_ADC_REG_SetSequencerRanks)
    LL_ADC_REG_SetSequencerRanks             0x080012f1   Thumb Code    56  myadc.o(i.LL_ADC_REG_SetSequencerRanks)
    i.LL_ADC_SetChannelSamplingTime          0x08001328   Section        0  myadc.o(i.LL_ADC_SetChannelSamplingTime)
    LL_ADC_SetChannelSamplingTime            0x08001329   Thumb Code    82  myadc.o(i.LL_ADC_SetChannelSamplingTime)
    i.LL_APB1_GRP1_EnableClock               0x0800137c   Section        0  mytimer.o(i.LL_APB1_GRP1_EnableClock)
    LL_APB1_GRP1_EnableClock                 0x0800137d   Thumb Code    24  mytimer.o(i.LL_APB1_GRP1_EnableClock)
    i.LL_APB2_GRP1_EnableClock               0x08001398   Section        0  myadc.o(i.LL_APB2_GRP1_EnableClock)
    LL_APB2_GRP1_EnableClock                 0x08001399   Thumb Code    24  myadc.o(i.LL_APB2_GRP1_EnableClock)
    i.LL_DMA_Init                            0x080013b4   Section        0  stm32f1xx_ll_dma.o(i.LL_DMA_Init)
    i.LL_GPIO_IsInputPinSet                  0x08001550   Section        0  codeurincremental.o(i.LL_GPIO_IsInputPinSet)
    LL_GPIO_IsInputPinSet                    0x08001551   Thumb Code    26  codeurincremental.o(i.LL_GPIO_IsInputPinSet)
    i.LL_GPIO_SetPinMode                     0x0800156a   Section        0  mcc.o(i.LL_GPIO_SetPinMode)
    LL_GPIO_SetPinMode                       0x0800156b   Thumb Code    44  mcc.o(i.LL_GPIO_SetPinMode)
    i.LL_GPIO_SetPinMode                     0x08001596   Section        0  codeurincremental.o(i.LL_GPIO_SetPinMode)
    LL_GPIO_SetPinMode                       0x08001597   Thumb Code    44  codeurincremental.o(i.LL_GPIO_SetPinMode)
    i.LL_GPIO_SetPinMode                     0x080015c2   Section        0  myadc.o(i.LL_GPIO_SetPinMode)
    LL_GPIO_SetPinMode                       0x080015c3   Thumb Code    44  myadc.o(i.LL_GPIO_SetPinMode)
    i.LL_GPIO_SetPinOutputType               0x080015ee   Section        0  mcc.o(i.LL_GPIO_SetPinOutputType)
    LL_GPIO_SetPinOutputType                 0x080015ef   Thumb Code    44  mcc.o(i.LL_GPIO_SetPinOutputType)
    i.LL_GPIO_SetPinOutputType               0x0800161a   Section        0  myadc.o(i.LL_GPIO_SetPinOutputType)
    LL_GPIO_SetPinOutputType                 0x0800161b   Thumb Code    44  myadc.o(i.LL_GPIO_SetPinOutputType)
    i.LL_GPIO_SetPinPull                     0x08001646   Section        0  codeurincremental.o(i.LL_GPIO_SetPinPull)
    LL_GPIO_SetPinPull                       0x08001647   Thumb Code    28  codeurincremental.o(i.LL_GPIO_SetPinPull)
    i.LL_GPIO_SetPinPull                     0x08001662   Section        0  rftelecommande.o(i.LL_GPIO_SetPinPull)
    LL_GPIO_SetPinPull                       0x08001663   Thumb Code    28  rftelecommande.o(i.LL_GPIO_SetPinPull)
    i.LL_Init1msTick                         0x0800167e   Section        0  stm32f1xx_ll_utils.o(i.LL_Init1msTick)
    i.LL_RCC_GetSystemClocksFreq             0x0800169a   Section        0  stm32f1xx_ll_rcc.o(i.LL_RCC_GetSystemClocksFreq)
    i.LL_SetSystemCoreClock                  0x080016c0   Section        0  stm32f1xx_ll_utils.o(i.LL_SetSystemCoreClock)
    i.LL_TIM_CC_EnableChannel                0x080016cc   Section        0  codeurincremental.o(i.LL_TIM_CC_EnableChannel)
    LL_TIM_CC_EnableChannel                  0x080016cd   Thumb Code     8  codeurincremental.o(i.LL_TIM_CC_EnableChannel)
    i.LL_TIM_ClearFlag_UPDATE                0x080016d4   Section        0  mytimer.o(i.LL_TIM_ClearFlag_UPDATE)
    LL_TIM_ClearFlag_UPDATE                  0x080016d5   Thumb Code     8  mytimer.o(i.LL_TIM_ClearFlag_UPDATE)
    i.LL_TIM_DisableCounter                  0x080016dc   Section        0  mytimer.o(i.LL_TIM_DisableCounter)
    LL_TIM_DisableCounter                    0x080016dd   Thumb Code    10  mytimer.o(i.LL_TIM_DisableCounter)
    i.LL_TIM_DisableIT_UPDATE                0x080016e6   Section        0  mytimer.o(i.LL_TIM_DisableIT_UPDATE)
    LL_TIM_DisableIT_UPDATE                  0x080016e7   Thumb Code    10  mytimer.o(i.LL_TIM_DisableIT_UPDATE)
    i.LL_TIM_IC_Init                         0x080016f0   Section        0  stm32f1xx_ll_tim.o(i.LL_TIM_IC_Init)
    i.LL_TIM_Init                            0x0800174c   Section        0  stm32f1xx_ll_tim.o(i.LL_TIM_Init)
    i.LL_USART_Init                          0x08001860   Section        0  stm32f1xx_ll_usart.o(i.LL_USART_Init)
    i.LL_USART_IsActiveFlag_TXE              0x08001a10   Section        0  main.o(i.LL_USART_IsActiveFlag_TXE)
    LL_USART_IsActiveFlag_TXE                0x08001a11   Thumb Code    10  main.o(i.LL_USART_IsActiveFlag_TXE)
    i.LL_USART_IsEnabled                     0x08001a1a   Section        0  stm32f1xx_ll_usart.o(i.LL_USART_IsEnabled)
    LL_USART_IsEnabled                       0x08001a1b   Thumb Code    10  stm32f1xx_ll_usart.o(i.LL_USART_IsEnabled)
    i.LL_USART_SetBaudRate                   0x08001a24   Section        0  stm32f1xx_ll_usart.o(i.LL_USART_SetBaudRate)
    LL_USART_SetBaudRate                     0x08001a25   Thumb Code   158  stm32f1xx_ll_usart.o(i.LL_USART_SetBaudRate)
    i.LL_USART_TransmitData8                 0x08001ac2   Section        0  main.o(i.LL_USART_TransmitData8)
    LL_USART_TransmitData8                   0x08001ac3   Thumb Code     4  main.o(i.LL_USART_TransmitData8)
    i.MCC_Conf                               0x08001ac8   Section        0  mcc.o(i.MCC_Conf)
    i.MCC_Start                              0x08001b6c   Section        0  mcc.o(i.MCC_Start)
    i.MyADC_Conf                             0x08001cc8   Section        0  myadc.o(i.MyADC_Conf)
    i.MyTimer_Conf                           0x08001f48   Section        0  mytimer.o(i.MyTimer_Conf)
    i.MyTimer_Conf_PWM_In                    0x08001fcc   Section        0  rftelecommande.o(i.MyTimer_Conf_PWM_In)
    i.MyTimer_IT_Enable                      0x08002070   Section        0  mytimer.o(i.MyTimer_IT_Enable)
    i.MyTimer_PWM_In_Duty_Cycle              0x0800207e   Section        0  rftelecommande.o(i.MyTimer_PWM_In_Duty_Cycle)
    i.MyTimer_Start                          0x080020a4   Section        0  mytimer.o(i.MyTimer_Start)
    i.RCC_GetHCLKClockFreq                   0x080020b4   Section        0  stm32f1xx_ll_rcc.o(i.RCC_GetHCLKClockFreq)
    i.RCC_GetPCLK1ClockFreq                  0x080020d4   Section        0  stm32f1xx_ll_rcc.o(i.RCC_GetPCLK1ClockFreq)
    i.RCC_GetPCLK2ClockFreq                  0x080020f8   Section        0  stm32f1xx_ll_rcc.o(i.RCC_GetPCLK2ClockFreq)
    i.RCC_GetSystemClockFreq                 0x0800211c   Section        0  stm32f1xx_ll_rcc.o(i.RCC_GetSystemClockFreq)
    i.RCC_PLL_GetFreqDomain_SYS              0x08002158   Section        0  stm32f1xx_ll_rcc.o(i.RCC_PLL_GetFreqDomain_SYS)
    i.Servo_Conf                             0x080021b0   Section        0  servo.o(i.Servo_Conf)
    i.Servo_Start                            0x08002288   Section        0  servo.o(i.Servo_Start)
    i.SystemClock_Config                     0x080022c8   Section        0  main.o(i.SystemClock_Config)
    i.SystemInit                             0x080023a8   Section        0  system_stm32f1xx.o(i.SystemInit)
    i.TIM1_UP_IRQHandler                     0x08002400   Section        0  mytimer.o(i.TIM1_UP_IRQHandler)
    i.TIM2_IRQHandler                        0x08002418   Section        0  mytimer.o(i.TIM2_IRQHandler)
    i.TIM3_IRQHandler                        0x08002430   Section        0  mytimer.o(i.TIM3_IRQHandler)
    i.TIM4_IRQHandler                        0x08002448   Section        0  mytimer.o(i.TIM4_IRQHandler)
    i.UART                                   0x08002460   Section        0  main.o(i.UART)
    i.__scatterload_copy                     0x08002598   Section       14  handlers.o(i.__scatterload_copy)
    i.__scatterload_null                     0x080025a6   Section        2  handlers.o(i.__scatterload_null)
    i.__scatterload_zeroinit                 0x080025a8   Section       14  handlers.o(i.__scatterload_zeroinit)
    i.assert_failed                          0x080025b6   Section        0  main.o(i.assert_failed)
    i.conversion_angle                       0x080025bc   Section        0  servo.o(i.conversion_angle)
    i.if_Index                               0x08002620   Section        0  codeurincremental.o(i.if_Index)
    i.main                                   0x08002640   Section        0  main.o(i.main)
    .constdata                               0x08002698   Section        7  myadc.o(.constdata)
    CHANNEL_OFFSET_TAB                       0x08002698   Data           7  myadc.o(.constdata)
    .constdata                               0x0800269f   Section        7  stm32f1xx_ll_dma.o(.constdata)
    CHANNEL_OFFSET_TAB                       0x0800269f   Data           7  stm32f1xx_ll_dma.o(.constdata)
    .constdata                               0x080026a6   Section       24  system_stm32f1xx.o(.constdata)
    .data                                    0x20000000   Section        4  main.o(.data)
    .data                                    0x20000004   Section       12  adconv.o(.data)
    .data                                    0x20000010   Section       16  mytimer.o(.data)
    .data                                    0x20000020   Section        8  myadc.o(.data)
    .data                                    0x20000028   Section        4  system_stm32f1xx.o(.data)
    .bss                                     0x2000002c   Section       21  main.o(.bss)
    .bss                                     0x20000044   Section       12  adconv.o(.bss)
    .bss                                     0x20000050   Section       60  myadc.o(.bss)
    STACK                                    0x20000090   Section     1024  startup_stm32f103xb.o(STACK)

    Global Symbols

    Symbol Name                              Value     Ov Type        Size  Object(Section)

    BuildAttributes$$THM_ISAv4$P$D$K$B$S$PE$A:L22UL41UL21$X:L11$S22US41US21$IEEE1$IW$USESV6$~STKCKD$USESV7$~SHL$OTIME$ROPI$EBA8$MICROLIB$REQ8$PRES8$EABIv2 0x00000000   Number         0  anon$$obj.o ABSOLUTE
    __ARM_use_no_argv                        0x00000000   Number         0  main.o ABSOLUTE
    __cpp_initialize__aeabi_                  - Undefined Weak Reference
    __cxa_finalize                            - Undefined Weak Reference
    __decompress                              - Undefined Weak Reference
    _clock_init                               - Undefined Weak Reference
    _microlib_exit                            - Undefined Weak Reference
    __Vectors_Size                           0x000000ec   Number         0  startup_stm32f103xb.o ABSOLUTE
    __Vectors                                0x08000000   Data           4  startup_stm32f103xb.o(RESET)
    __Vectors_End                            0x080000ec   Data           0  startup_stm32f103xb.o(RESET)
    __main                                   0x080000ed   Thumb Code     0  entry.o(.ARM.Collect$$$$00000000)
    _main_stk                                0x080000ed   Thumb Code     0  entry2.o(.ARM.Collect$$$$00000001)
    _main_scatterload                        0x080000f1   Thumb Code     0  entry5.o(.ARM.Collect$$$$00000004)
    __main_after_scatterload                 0x080000f5   Thumb Code     0  entry5.o(.ARM.Collect$$$$00000004)
    _main_clock                              0x080000f5   Thumb Code     0  entry7b.o(.ARM.Collect$$$$00000008)
    _main_cpp_init                           0x080000f5   Thumb Code     0  entry8b.o(.ARM.Collect$$$$0000000A)
    _main_init                               0x080000f5   Thumb Code     0  entry9a.o(.ARM.Collect$$$$0000000B)
    __rt_final_cpp                           0x080000fd   Thumb Code     0  entry10a.o(.ARM.Collect$$$$0000000D)
    __rt_final_exit                          0x080000fd   Thumb Code     0  entry11a.o(.ARM.Collect$$$$0000000F)
    Reset_Handler                            0x08000101   Thumb Code     8  startup_stm32f103xb.o(.text)
    NMI_Handler                              0x08000109   Thumb Code     2  startup_stm32f103xb.o(.text)
    HardFault_Handler                        0x0800010b   Thumb Code     2  startup_stm32f103xb.o(.text)
    MemManage_Handler                        0x0800010d   Thumb Code     2  startup_stm32f103xb.o(.text)
    BusFault_Handler                         0x0800010f   Thumb Code     2  startup_stm32f103xb.o(.text)
    UsageFault_Handler                       0x08000111   Thumb Code     2  startup_stm32f103xb.o(.text)
    SVC_Handler                              0x08000113   Thumb Code     2  startup_stm32f103xb.o(.text)
    DebugMon_Handler                         0x08000115   Thumb Code     2  startup_stm32f103xb.o(.text)
    PendSV_Handler                           0x08000117   Thumb Code     2  startup_stm32f103xb.o(.text)
    SysTick_Handler                          0x08000119   Thumb Code     2  startup_stm32f103xb.o(.text)
    ADC1_2_IRQHandler                        0x0800011b   Thumb Code     0  startup_stm32f103xb.o(.text)
    CAN1_RX1_IRQHandler                      0x0800011b   Thumb Code     0  startup_stm32f103xb.o(.text)
    CAN1_SCE_IRQHandler                      0x0800011b   Thumb Code     0  startup_stm32f103xb.o(.text)
    DMA1_Channel2_IRQHandler                 0x0800011b   Thumb Code     0  startup_stm32f103xb.o(.text)
    DMA1_Channel3_IRQHandler                 0x0800011b   Thumb Code     0  startup_stm32f103xb.o(.text)
    DMA1_Channel4_IRQHandler                 0x0800011b   Thumb Code     0  startup_stm32f103xb.o(.text)
    DMA1_Channel5_IRQHandler                 0x0800011b   Thumb Code     0  startup_stm32f103xb.o(.text)
    DMA1_Channel6_IRQHandler                 0x0800011b   Thumb Code     0  startup_stm32f103xb.o(.text)
    DMA1_Channel7_IRQHandler                 0x0800011b   Thumb Code     0  startup_stm32f103xb.o(.text)
    EXTI0_IRQHandler                         0x0800011b   Thumb Code     0  startup_stm32f103xb.o(.text)
    EXTI15_10_IRQHandler                     0x0800011b   Thumb Code     0  startup_stm32f103xb.o(.text)
    EXTI1_IRQHandler                         0x0800011b   Thumb Code     0  startup_stm32f103xb.o(.text)
    EXTI2_IRQHandler                         0x0800011b   Thumb Code     0  startup_stm32f103xb.o(.text)
    EXTI3_IRQHandler                         0x0800011b   Thumb Code     0  startup_stm32f103xb.o(.text)
    EXTI4_IRQHandler                         0x0800011b   Thumb Code     0  startup_stm32f103xb.o(.text)
    EXTI9_5_IRQHandler                       0x0800011b   Thumb Code     0  startup_stm32f103xb.o(.text)
    FLASH_IRQHandler                         0x0800011b   Thumb Code     0  startup_stm32f103xb.o(.text)
    I2C1_ER_IRQHandler                       0x0800011b   Thumb Code     0  startup_stm32f103xb.o(.text)
    I2C1_EV_IRQHandler                       0x0800011b   Thumb Code     0  startup_stm32f103xb.o(.text)
    I2C2_ER_IRQHandler                       0x0800011b   Thumb Code     0  startup_stm32f103xb.o(.text)
    I2C2_EV_IRQHandler                       0x0800011b   Thumb Code     0  startup_stm32f103xb.o(.text)
    PVD_IRQHandler                           0x0800011b   Thumb Code     0  startup_stm32f103xb.o(.text)
    RCC_IRQHandler                           0x0800011b   Thumb Code     0  startup_stm32f103xb.o(.text)
    RTC_Alarm_IRQHandler                     0x0800011b   Thumb Code     0  startup_stm32f103xb.o(.text)
    RTC_IRQHandler                           0x0800011b   Thumb Code     0  startup_stm32f103xb.o(.text)
    SPI1_IRQHandler                          0x0800011b   Thumb Code     0  startup_stm32f103xb.o(.text)
    SPI2_IRQHandler                          0x0800011b   Thumb Code     0  startup_stm32f103xb.o(.text)
    TAMPER_IRQHandler                        0x0800011b   Thumb Code     0  startup_stm32f103xb.o(.text)
    TIM1_BRK_IRQHandler                      0x0800011b   Thumb Code     0  startup_stm32f103xb.o(.text)
    TIM1_CC_IRQHandler                       0x0800011b   Thumb Code     0  startup_stm32f103xb.o(.text)
    TIM1_TRG_COM_IRQHandler                  0x0800011b   Thumb Code     0  startup_stm32f103xb.o(.text)
    USART1_IRQHandler                        0x0800011b   Thumb Code     0  startup_stm32f103xb.o(.text)
    USART2_IRQHandler                        0x0800011b   Thumb Code     0  startup_stm32f103xb.o(.text)
    USART3_IRQHandler                        0x0800011b   Thumb Code     0  startup_stm32f103xb.o(.text)
    USBWakeUp_IRQHandler                     0x0800011b   Thumb Code     0  startup_stm32f103xb.o(.text)
    USB_HP_CAN1_TX_IRQHandler                0x0800011b   Thumb Code     0  startup_stm32f103xb.o(.text)
    USB_LP_CAN1_RX0_IRQHandler               0x0800011b   Thumb Code     0  startup_stm32f103xb.o(.text)
    WWDG_IRQHandler                          0x0800011b   Thumb Code     0  startup_stm32f103xb.o(.text)
    __aeabi_fmul                             0x08000125   Thumb Code   100  fmul.o(.text)
    __aeabi_fdiv                             0x08000189   Thumb Code   124  fdiv.o(.text)
    __aeabi_dadd                             0x08000205   Thumb Code   322  dadd.o(.text)
    __aeabi_dsub                             0x08000347   Thumb Code     6  dadd.o(.text)
    __aeabi_drsub                            0x0800034d   Thumb Code     6  dadd.o(.text)
    __aeabi_dmul                             0x08000353   Thumb Code   228  dmul.o(.text)
    __aeabi_i2f                              0x08000437   Thumb Code    18  fflti.o(.text)
    __aeabi_ui2f                             0x08000449   Thumb Code    10  ffltui.o(.text)
    __aeabi_i2d                              0x08000453   Thumb Code    34  dflti.o(.text)
    __aeabi_d2iz                             0x08000475   Thumb Code    62  dfixi.o(.text)
    __aeabi_d2uiz                            0x080004b3   Thumb Code    50  dfixui.o(.text)
    __aeabi_f2d                              0x080004e5   Thumb Code    38  f2d.o(.text)
    __aeabi_cdcmpeq                          0x0800050d   Thumb Code     0  cdcmple.o(.text)
    __aeabi_cdcmple                          0x0800050d   Thumb Code    48  cdcmple.o(.text)
    __aeabi_cdrcmple                         0x0800053d   Thumb Code    48  cdrcmple.o(.text)
    __aeabi_d2f                              0x0800056d   Thumb Code    56  d2f.o(.text)
    __aeabi_cfcmpeq                          0x080005a5   Thumb Code     0  cfcmple.o(.text)
    __aeabi_cfcmple                          0x080005a5   Thumb Code    20  cfcmple.o(.text)
    __aeabi_cfrcmple                         0x080005b9   Thumb Code    20  cfrcmple.o(.text)
    __aeabi_llsl                             0x080005cd   Thumb Code    30  llshl.o(.text)
    _ll_shift_l                              0x080005cd   Thumb Code     0  llshl.o(.text)
    __aeabi_llsr                             0x080005eb   Thumb Code    32  llushr.o(.text)
    _ll_ushift_r                             0x080005eb   Thumb Code     0  llushr.o(.text)
    __aeabi_lasr                             0x0800060b   Thumb Code    36  llsshr.o(.text)
    _ll_sshift_r                             0x0800060b   Thumb Code     0  llsshr.o(.text)
    __I$use$fp                               0x0800062f   Thumb Code     0  iusefp.o(.text)
    _float_round                             0x0800062f   Thumb Code    18  fepilogue.o(.text)
    _float_epilogue                          0x08000641   Thumb Code    92  fepilogue.o(.text)
    _double_round                            0x0800069d   Thumb Code    30  depilogue.o(.text)
    _double_epilogue                         0x080006bb   Thumb Code   156  depilogue.o(.text)
    __scatterload                            0x08000759   Thumb Code    28  init.o(.text)
    __scatterload_rt2                        0x08000759   Thumb Code     0  init.o(.text)
    ADConvert                                0x0800077d   Thumb Code    10  adconv.o(i.ADConvert)
    Average                                  0x0800078d   Thumb Code   186  adconv.o(i.Average)
    DMA1_Channel1_IRQHandler                 0x08000871   Thumb Code    26  myadc.o(i.DMA1_Channel1_IRQHandler)
    Encoder2_Config                          0x08000899   Thumb Code   216  codeurincremental.o(i.Encoder2_Config)
    GPIOB_pb6_pb7_Config                     0x08000979   Thumb Code    52  rftelecommande.o(i.GPIOB_pb6_pb7_Config)
    GPIO_config                              0x080009b5   Thumb Code   100  codeurincremental.o(i.GPIO_config)
    Index_configuration                      0x08001009   Thumb Code    52  codeurincremental.o(i.Index_configuration)
    LL_ADC_Init                              0x08001049   Thumb Code   120  stm32f1xx_ll_adc.o(i.LL_ADC_Init)
    LL_ADC_REG_Init                          0x080010f9   Thumb Code   454  stm32f1xx_ll_adc.o(i.LL_ADC_REG_Init)
    LL_DMA_Init                              0x080013b5   Thumb Code   366  stm32f1xx_ll_dma.o(i.LL_DMA_Init)
    LL_Init1msTick                           0x0800167f   Thumb Code    28  stm32f1xx_ll_utils.o(i.LL_Init1msTick)
    LL_RCC_GetSystemClocksFreq               0x0800169b   Thumb Code    36  stm32f1xx_ll_rcc.o(i.LL_RCC_GetSystemClocksFreq)
    LL_SetSystemCoreClock                    0x080016c1   Thumb Code     6  stm32f1xx_ll_utils.o(i.LL_SetSystemCoreClock)
    LL_TIM_IC_Init                           0x080016f1   Thumb Code    92  stm32f1xx_ll_tim.o(i.LL_TIM_IC_Init)
    LL_TIM_Init                              0x0800174d   Thumb Code   228  stm32f1xx_ll_tim.o(i.LL_TIM_Init)
    LL_USART_Init                            0x08001861   Thumb Code   376  stm32f1xx_ll_usart.o(i.LL_USART_Init)
    MCC_Conf                                 0x08001ac9   Thumb Code   152  mcc.o(i.MCC_Conf)
    MCC_Start                                0x08001b6d   Thumb Code   316  mcc.o(i.MCC_Start)
    MyADC_Conf                               0x08001cc9   Thumb Code   580  myadc.o(i.MyADC_Conf)
    MyTimer_Conf                             0x08001f49   Thumb Code   118  mytimer.o(i.MyTimer_Conf)
    MyTimer_Conf_PWM_In                      0x08001fcd   Thumb Code   160  rftelecommande.o(i.MyTimer_Conf_PWM_In)
    MyTimer_IT_Enable                        0x08002071   Thumb Code    14  mytimer.o(i.MyTimer_IT_Enable)
    MyTimer_PWM_In_Duty_Cycle                0x0800207f   Thumb Code    38  rftelecommande.o(i.MyTimer_PWM_In_Duty_Cycle)
    MyTimer_Start                            0x080020a5   Thumb Code    14  mytimer.o(i.MyTimer_Start)
    RCC_GetHCLKClockFreq                     0x080020b5   Thumb Code    24  stm32f1xx_ll_rcc.o(i.RCC_GetHCLKClockFreq)
    RCC_GetPCLK1ClockFreq                    0x080020d5   Thumb Code    26  stm32f1xx_ll_rcc.o(i.RCC_GetPCLK1ClockFreq)
    RCC_GetPCLK2ClockFreq                    0x080020f9   Thumb Code    26  stm32f1xx_ll_rcc.o(i.RCC_GetPCLK2ClockFreq)
    RCC_GetSystemClockFreq                   0x0800211d   Thumb Code    52  stm32f1xx_ll_rcc.o(i.RCC_GetSystemClockFreq)
    RCC_PLL_GetFreqDomain_SYS                0x08002159   Thumb Code    76  stm32f1xx_ll_rcc.o(i.RCC_PLL_GetFreqDomain_SYS)
    Servo_Conf                               0x080021b1   Thumb Code   198  servo.o(i.Servo_Conf)
    Servo_Start                              0x08002289   Thumb Code    46  servo.o(i.Servo_Start)
    SystemClock_Config                       0x080022c9   Thumb Code   212  main.o(i.SystemClock_Config)
    SystemInit                               0x080023a9   Thumb Code    70  system_stm32f1xx.o(i.SystemInit)
    TIM1_UP_IRQHandler                       0x08002401   Thumb Code    16  mytimer.o(i.TIM1_UP_IRQHandler)
    TIM2_IRQHandler                          0x08002419   Thumb Code    18  mytimer.o(i.TIM2_IRQHandler)
    TIM3_IRQHandler                          0x08002431   Thumb Code    16  mytimer.o(i.TIM3_IRQHandler)
    TIM4_IRQHandler                          0x08002449   Thumb Code    16  mytimer.o(i.TIM4_IRQHandler)
    UART                                     0x08002461   Thumb Code   284  main.o(i.UART)
    __scatterload_copy                       0x08002599   Thumb Code    14  handlers.o(i.__scatterload_copy)
    __scatterload_null                       0x080025a7   Thumb Code     2  handlers.o(i.__scatterload_null)
    __scatterload_zeroinit                   0x080025a9   Thumb Code    14  handlers.o(i.__scatterload_zeroinit)
    assert_failed                            0x080025b7   Thumb Code     4  main.o(i.assert_failed)
    conversion_angle                         0x080025bd   Thumb Code    88  servo.o(i.conversion_angle)
    if_Index                                 0x08002621   Thumb Code    22  codeurincremental.o(i.if_Index)
    main                                     0x08002641   Thumb Code    76  main.o(i.main)
    AHBPrescTable                            0x080026a6   Data          16  system_stm32f1xx.o(.constdata)
    APBPrescTable                            0x080026b6   Data           8  system_stm32f1xx.o(.constdata)
    Region$$Table$$Base                      0x080026c0   Number         0  anon$$obj.o(Region$$Table)
    Region$$Table$$Limit                     0x080026e0   Number         0  anon$$obj.o(Region$$Table)
    OK                                       0x20000000   Data           4  main.o(.data)
    AccX                                     0x20000004   Data           4  adconv.o(.data)
    AccY                                     0x20000008   Data           4  adconv.o(.data)
    Batt                                     0x2000000c   Data           4  adconv.o(.data)
    Ptr_ItFct_TIM1                           0x20000010   Data           4  mytimer.o(.data)
    Ptr_ItFct_TIM2                           0x20000014   Data           4  mytimer.o(.data)
    Ptr_ItFct_TIM3                           0x20000018   Data           4  mytimer.o(.data)
    Ptr_ItFct_TIM4                           0x2000001c   Data           4  mytimer.o(.data)
    Ptr_ItFct                                0x20000020   Data           4  myadc.o(.data)
    f                                        0x20000024   Data           4  myadc.o(.data)
    SystemCoreClock                          0x20000028   Data           4  system_stm32f1xx.o(.data)
    AR                                       0x2000002c   Data          12  main.o(.bss)
    AB                                       0x20000038   Data           9  main.o(.bss)
    ADCValue                                 0x20000044   Data          12  adconv.o(.bss)
    ADCData                                  0x20000050   Data          60  myadc.o(.bss)
    __initial_sp                             0x20000490   Data           0  startup_stm32f103xb.o(STACK)



==============================================================================

Memory Map of the image

  Image Entry point : 0x080000ed

  Load Region LR_IROM1 (Base: 0x08000000, Size: 0x0000270c, Max: 0x00020000, ABSOLUTE)

    Execution Region ER_IROM1 (Exec base: 0x08000000, Load base: 0x08000000, Size: 0x000026e0, Max: 0x00020000, ABSOLUTE)

    Exec Addr    Load Addr    Size         Type   Attr      Idx    E Section Name        Object

    0x08000000   0x08000000   0x000000ec   Data   RO         1168    RESET               startup_stm32f103xb.o
    0x080000ec   0x080000ec   0x00000000   Code   RO         1173  * .ARM.Collect$$$$00000000  mc_w.l(entry.o)
    0x080000ec   0x080000ec   0x00000004   Code   RO         1206    .ARM.Collect$$$$00000001  mc_w.l(entry2.o)
    0x080000f0   0x080000f0   0x00000004   Code   RO         1209    .ARM.Collect$$$$00000004  mc_w.l(entry5.o)
    0x080000f4   0x080000f4   0x00000000   Code   RO         1211    .ARM.Collect$$$$00000008  mc_w.l(entry7b.o)
    0x080000f4   0x080000f4   0x00000000   Code   RO         1213    .ARM.Collect$$$$0000000A  mc_w.l(entry8b.o)
    0x080000f4   0x080000f4   0x00000008   Code   RO         1214    .ARM.Collect$$$$0000000B  mc_w.l(entry9a.o)
    0x080000fc   0x080000fc   0x00000000   Code   RO         1216    .ARM.Collect$$$$0000000D  mc_w.l(entry10a.o)
    0x080000fc   0x080000fc   0x00000000   Code   RO         1218    .ARM.Collect$$$$0000000F  mc_w.l(entry11a.o)
    0x080000fc   0x080000fc   0x00000004   Code   RO         1207    .ARM.Collect$$$$00002712  mc_w.l(entry2.o)
    0x08000100   0x08000100   0x00000024   Code   RO         1169    .text               startup_stm32f103xb.o
    0x08000124   0x08000124   0x00000064   Code   RO         1176    .text               mf_w.l(fmul.o)
    0x08000188   0x08000188   0x0000007c   Code   RO         1178    .text               mf_w.l(fdiv.o)
    0x08000204   0x08000204   0x0000014e   Code   RO         1180    .text               mf_w.l(dadd.o)
    0x08000352   0x08000352   0x000000e4   Code   RO         1182    .text               mf_w.l(dmul.o)
    0x08000436   0x08000436   0x00000012   Code   RO         1184    .text               mf_w.l(fflti.o)
    0x08000448   0x08000448   0x0000000a   Code   RO         1186    .text               mf_w.l(ffltui.o)
    0x08000452   0x08000452   0x00000022   Code   RO         1188    .text               mf_w.l(dflti.o)
    0x08000474   0x08000474   0x0000003e   Code   RO         1190    .text               mf_w.l(dfixi.o)
    0x080004b2   0x080004b2   0x00000032   Code   RO         1192    .text               mf_w.l(dfixui.o)
    0x080004e4   0x080004e4   0x00000026   Code   RO         1194    .text               mf_w.l(f2d.o)
    0x0800050a   0x0800050a   0x00000002   PAD
    0x0800050c   0x0800050c   0x00000030   Code   RO         1196    .text               mf_w.l(cdcmple.o)
    0x0800053c   0x0800053c   0x00000030   Code   RO         1198    .text               mf_w.l(cdrcmple.o)
    0x0800056c   0x0800056c   0x00000038   Code   RO         1200    .text               mf_w.l(d2f.o)
    0x080005a4   0x080005a4   0x00000014   Code   RO         1202    .text               mf_w.l(cfcmple.o)
    0x080005b8   0x080005b8   0x00000014   Code   RO         1204    .text               mf_w.l(cfrcmple.o)
    0x080005cc   0x080005cc   0x0000001e   Code   RO         1220    .text               mc_w.l(llshl.o)
    0x080005ea   0x080005ea   0x00000020   Code   RO         1222    .text               mc_w.l(llushr.o)
    0x0800060a   0x0800060a   0x00000024   Code   RO         1224    .text               mc_w.l(llsshr.o)
    0x0800062e   0x0800062e   0x00000000   Code   RO         1226    .text               mc_w.l(iusefp.o)
    0x0800062e   0x0800062e   0x0000006e   Code   RO         1227    .text               mf_w.l(fepilogue.o)
    0x0800069c   0x0800069c   0x000000ba   Code   RO         1229    .text               mf_w.l(depilogue.o)
    0x08000756   0x08000756   0x00000002   PAD
    0x08000758   0x08000758   0x00000024   Code   RO         1231    .text               mc_w.l(init.o)
    0x0800077c   0x0800077c   0x00000010   Code   RO          238    i.ADConvert         adconv.o
    0x0800078c   0x0800078c   0x000000e4   Code   RO          239    i.Average           adconv.o
    0x08000870   0x08000870   0x00000028   Code   RO          514    i.DMA1_Channel1_IRQHandler  myadc.o
    0x08000898   0x08000898   0x000000e0   Code   RO          280    i.Encoder2_Config   codeurincremental.o
    0x08000978   0x08000978   0x0000003c   Code   RO          353    i.GPIOB_pb6_pb7_Config  rftelecommande.o
    0x080009b4   0x080009b4   0x0000006c   Code   RO          281    i.GPIO_config       codeurincremental.o
    0x08000a20   0x08000a20   0x00000178   Code   RO          772    i.IC1Config         stm32f1xx_ll_tim.o
    0x08000b98   0x08000b98   0x00000178   Code   RO          773    i.IC2Config         stm32f1xx_ll_tim.o
    0x08000d10   0x08000d10   0x0000017c   Code   RO          774    i.IC3Config         stm32f1xx_ll_tim.o
    0x08000e8c   0x08000e8c   0x0000017c   Code   RO          775    i.IC4Config         stm32f1xx_ll_tim.o
    0x08001008   0x08001008   0x00000040   Code   RO          282    i.Index_configuration  codeurincremental.o
    0x08001048   0x08001048   0x000000a4   Code   RO          937    i.LL_ADC_Init       stm32f1xx_ll_adc.o
    0x080010ec   0x080010ec   0x0000000a   Code   RO          938    i.LL_ADC_IsEnabled  stm32f1xx_ll_adc.o
    0x080010f6   0x080010f6   0x00000002   PAD
    0x080010f8   0x080010f8   0x000001f8   Code   RO          939    i.LL_ADC_REG_Init   stm32f1xx_ll_adc.o
    0x080012f0   0x080012f0   0x00000038   Code   RO          515    i.LL_ADC_REG_SetSequencerRanks  myadc.o
    0x08001328   0x08001328   0x00000052   Code   RO          516    i.LL_ADC_SetChannelSamplingTime  myadc.o
    0x0800137a   0x0800137a   0x00000002   PAD
    0x0800137c   0x0800137c   0x0000001c   Code   RO          405    i.LL_APB1_GRP1_EnableClock  mytimer.o
    0x08001398   0x08001398   0x0000001c   Code   RO          517    i.LL_APB2_GRP1_EnableClock  myadc.o
    0x080013b4   0x080013b4   0x0000019c   Code   RO         1021    i.LL_DMA_Init       stm32f1xx_ll_dma.o
    0x08001550   0x08001550   0x0000001a   Code   RO          283    i.LL_GPIO_IsInputPinSet  codeurincremental.o
    0x0800156a   0x0800156a   0x0000002c   Code   RO          146    i.LL_GPIO_SetPinMode  mcc.o
    0x08001596   0x08001596   0x0000002c   Code   RO          284    i.LL_GPIO_SetPinMode  codeurincremental.o
    0x080015c2   0x080015c2   0x0000002c   Code   RO          518    i.LL_GPIO_SetPinMode  myadc.o
    0x080015ee   0x080015ee   0x0000002c   Code   RO          147    i.LL_GPIO_SetPinOutputType  mcc.o
    0x0800161a   0x0800161a   0x0000002c   Code   RO          519    i.LL_GPIO_SetPinOutputType  myadc.o
    0x08001646   0x08001646   0x0000001c   Code   RO          285    i.LL_GPIO_SetPinPull  codeurincremental.o
    0x08001662   0x08001662   0x0000001c   Code   RO          354    i.LL_GPIO_SetPinPull  rftelecommande.o
    0x0800167e   0x0800167e   0x0000001c   Code   RO          675    i.LL_Init1msTick    stm32f1xx_ll_utils.o
    0x0800169a   0x0800169a   0x00000024   Code   RO          594    i.LL_RCC_GetSystemClocksFreq  stm32f1xx_ll_rcc.o
    0x080016be   0x080016be   0x00000002   PAD
    0x080016c0   0x080016c0   0x0000000c   Code   RO          682    i.LL_SetSystemCoreClock  stm32f1xx_ll_utils.o
    0x080016cc   0x080016cc   0x00000008   Code   RO          286    i.LL_TIM_CC_EnableChannel  codeurincremental.o
    0x080016d4   0x080016d4   0x00000008   Code   RO          406    i.LL_TIM_ClearFlag_UPDATE  mytimer.o
    0x080016dc   0x080016dc   0x0000000a   Code   RO          407    i.LL_TIM_DisableCounter  mytimer.o
    0x080016e6   0x080016e6   0x0000000a   Code   RO          408    i.LL_TIM_DisableIT_UPDATE  mytimer.o
    0x080016f0   0x080016f0   0x0000005c   Code   RO          785    i.LL_TIM_IC_Init    stm32f1xx_ll_tim.o
    0x0800174c   0x0800174c   0x00000114   Code   RO          787    i.LL_TIM_Init       stm32f1xx_ll_tim.o
    0x08001860   0x08001860   0x000001b0   Code   RO         1066    i.LL_USART_Init     stm32f1xx_ll_usart.o
    0x08001a10   0x08001a10   0x0000000a   Code   RO            4    i.LL_USART_IsActiveFlag_TXE  main.o
    0x08001a1a   0x08001a1a   0x0000000a   Code   RO         1067    i.LL_USART_IsEnabled  stm32f1xx_ll_usart.o
    0x08001a24   0x08001a24   0x0000009e   Code   RO         1068    i.LL_USART_SetBaudRate  stm32f1xx_ll_usart.o
    0x08001ac2   0x08001ac2   0x00000004   Code   RO            5    i.LL_USART_TransmitData8  main.o
    0x08001ac6   0x08001ac6   0x00000002   PAD
    0x08001ac8   0x08001ac8   0x000000a4   Code   RO          148    i.MCC_Conf          mcc.o
    0x08001b6c   0x08001b6c   0x0000015c   Code   RO          149    i.MCC_Start         mcc.o
    0x08001cc8   0x08001cc8   0x00000280   Code   RO          520    i.MyADC_Conf        myadc.o
    0x08001f48   0x08001f48   0x00000084   Code   RO          409    i.MyTimer_Conf      mytimer.o
    0x08001fcc   0x08001fcc   0x000000a4   Code   RO          355    i.MyTimer_Conf_PWM_In  rftelecommande.o
    0x08002070   0x08002070   0x0000000e   Code   RO          412    i.MyTimer_IT_Enable  mytimer.o
    0x0800207e   0x0800207e   0x00000026   Code   RO          356    i.MyTimer_PWM_In_Duty_Cycle  rftelecommande.o
    0x080020a4   0x080020a4   0x0000000e   Code   RO          413    i.MyTimer_Start     mytimer.o
    0x080020b2   0x080020b2   0x00000002   PAD
    0x080020b4   0x080020b4   0x00000020   Code   RO          597    i.RCC_GetHCLKClockFreq  stm32f1xx_ll_rcc.o
    0x080020d4   0x080020d4   0x00000024   Code   RO          598    i.RCC_GetPCLK1ClockFreq  stm32f1xx_ll_rcc.o
    0x080020f8   0x080020f8   0x00000024   Code   RO          599    i.RCC_GetPCLK2ClockFreq  stm32f1xx_ll_rcc.o
    0x0800211c   0x0800211c   0x0000003c   Code   RO          600    i.RCC_GetSystemClockFreq  stm32f1xx_ll_rcc.o
    0x08002158   0x08002158   0x00000058   Code   RO          601    i.RCC_PLL_GetFreqDomain_SYS  stm32f1xx_ll_rcc.o
    0x080021b0   0x080021b0   0x000000d8   Code   RO          194    i.Servo_Conf        servo.o
    0x08002288   0x08002288   0x00000040   Code   RO          195    i.Servo_Start       servo.o
    0x080022c8   0x080022c8   0x000000e0   Code   RO            6    i.SystemClock_Config  main.o
    0x080023a8   0x080023a8   0x00000058   Code   RO         1133    i.SystemInit        system_stm32f1xx.o
    0x08002400   0x08002400   0x00000018   Code   RO          415    i.TIM1_UP_IRQHandler  mytimer.o
    0x08002418   0x08002418   0x00000018   Code   RO          416    i.TIM2_IRQHandler   mytimer.o
    0x08002430   0x08002430   0x00000018   Code   RO          417    i.TIM3_IRQHandler   mytimer.o
    0x08002448   0x08002448   0x00000018   Code   RO          418    i.TIM4_IRQHandler   mytimer.o
    0x08002460   0x08002460   0x00000138   Code   RO            7    i.UART              main.o
    0x08002598   0x08002598   0x0000000e   Code   RO         1235    i.__scatterload_copy  mc_w.l(handlers.o)
    0x080025a6   0x080025a6   0x00000002   Code   RO         1236    i.__scatterload_null  mc_w.l(handlers.o)
    0x080025a8   0x080025a8   0x0000000e   Code   RO         1237    i.__scatterload_zeroinit  mc_w.l(handlers.o)
    0x080025b6   0x080025b6   0x00000004   Code   RO            8    i.assert_failed     main.o
    0x080025ba   0x080025ba   0x00000002   PAD
    0x080025bc   0x080025bc   0x00000064   Code   RO          196    i.conversion_angle  servo.o
    0x08002620   0x08002620   0x00000020   Code   RO          287    i.if_Index          codeurincremental.o
    0x08002640   0x08002640   0x00000058   Code   RO            9    i.main              main.o
    0x08002698   0x08002698   0x00000007   Data   RO          522    .constdata          myadc.o
    0x0800269f   0x0800269f   0x00000007   Data   RO         1023    .constdata          stm32f1xx_ll_dma.o
    0x080026a6   0x080026a6   0x00000018   Data   RO         1134    .constdata          system_stm32f1xx.o
    0x080026be   0x080026be   0x00000002   PAD
    0x080026c0   0x080026c0   0x00000020   Data   RO         1233    Region$$Table       anon$$obj.o


    Execution Region RW_IRAM1 (Exec base: 0x20000000, Load base: 0x080026e0, Size: 0x00000490, Max: 0x00005000, ABSOLUTE)

    Exec Addr    Load Addr    Size         Type   Attr      Idx    E Section Name        Object

    0x20000000   0x080026e0   0x00000004   Data   RW           12    .data               main.o
    0x20000004   0x080026e4   0x0000000c   Data   RW          242    .data               adconv.o
    0x20000010   0x080026f0   0x00000010   Data   RW          420    .data               mytimer.o
    0x20000020   0x08002700   0x00000008   Data   RW          523    .data               myadc.o
    0x20000028   0x08002708   0x00000004   Data   RW         1135    .data               system_stm32f1xx.o
    0x2000002c        -       0x00000015   Zero   RW           10    .bss                main.o
    0x20000041   0x0800270c   0x00000003   PAD
    0x20000044        -       0x0000000c   Zero   RW          240    .bss                adconv.o
    0x20000050        -       0x0000003c   Zero   RW          521    .bss                myadc.o
    0x2000008c   0x0800270c   0x00000004   PAD
    0x20000090        -       0x00000400   Zero   RW         1166    STACK               startup_stm32f103xb.o


==============================================================================

Image component sizes


      Code (inc. data)   RO Data    RW Data    ZI Data      Debug   Object Name

       244         48          0         12         12      10642   adconv.o
       534         38          0          0          0      38869   codeurincremental.o
       642         52          0          4         21     405817   main.o
       600         44          0          0          0      34403   mcc.o
       934         78          7          8         60      78238   myadc.o
       312         48          0         16          0      56059   mytimer.o
       290         12          0          0          0      37893   rftelecommande.o
       380         48          0          0          0       9906   servo.o
        36          8        236          0       1024        800   startup_stm32f103xb.o
       678         94          0          0          0      38148   stm32f1xx_ll_adc.o
       412         46          7          0          0      14574   stm32f1xx_ll_dma.o
       288         48          0          0          0      13349   stm32f1xx_ll_rcc.o
      1880        246          0          0          0      32763   stm32f1xx_ll_tim.o
       600         56          0          0          0      16008   stm32f1xx_ll_usart.o
        40          6          0          0          0       2165   stm32f1xx_ll_utils.o
        88         18         24          4          0       1231   system_stm32f1xx.o

    ----------------------------------------------------------------------
      7970        890        308         44       1124     790865   Object Totals
         0          0         32          0          0          0   (incl. Generated)
        12          0          2          0          7          0   (incl. Padding)

    ----------------------------------------------------------------------

      Code (inc. data)   RO Data    RW Data    ZI Data      Debug   Library Member Name

         0          0          0          0          0          0   entry.o
         0          0          0          0          0          0   entry10a.o
         0          0          0          0          0          0   entry11a.o
         8          4          0          0          0          0   entry2.o
         4          0          0          0          0          0   entry5.o
         0          0          0          0          0          0   entry7b.o
         0          0          0          0          0          0   entry8b.o
         8          4          0          0          0          0   entry9a.o
        30          0          0          0          0          0   handlers.o
        36          8          0          0          0         68   init.o
         0          0          0          0          0          0   iusefp.o
        30          0          0          0          0         68   llshl.o
        36          0          0          0          0         68   llsshr.o
        32          0          0          0          0         68   llushr.o
        48          0          0          0          0         68   cdcmple.o
        48          0          0          0          0         68   cdrcmple.o
        20          0          0          0          0         68   cfcmple.o
        20          0          0          0          0         68   cfrcmple.o
        56          0          0          0          0         88   d2f.o
       334          0          0          0          0        148   dadd.o
       186          0          0          0          0        176   depilogue.o
        62          0          0          0          0         80   dfixi.o
        50          0          0          0          0         76   dfixui.o
        34          0          0          0          0         76   dflti.o
       228          0          0          0          0         96   dmul.o
        38          0          0          0          0         68   f2d.o
       124          0          0          0          0         88   fdiv.o
       110          0          0          0          0        168   fepilogue.o
        18          0          0          0          0         68   fflti.o
        10          0          0          0          0         68   ffltui.o
       100          0          0          0          0         76   fmul.o

    ----------------------------------------------------------------------
      1674         16          0          0          0       1820   Library Totals
         4          0          0          0          0          0   (incl. Padding)

    ----------------------------------------------------------------------

      Code (inc. data)   RO Data    RW Data    ZI Data      Debug   Library Name

       184         16          0          0          0        272   mc_w.l
      1486          0          0          0          0       1548   mf_w.l

    ----------------------------------------------------------------------
      1674         16          0          0          0       1820   Library Totals

    ----------------------------------------------------------------------

==============================================================================


      Code (inc. data)   RO Data    RW Data    ZI Data      Debug   

      9644        906        308         44       1124     788521   Grand Totals
      9644        906        308         44       1124     788521   ELF Image Totals
      9644        906        308         44          0          0   ROM Totals

==============================================================================

    Total RO  Size (Code + RO Data)                 9952 (   9.72kB)
    Total RW  Size (RW Data + ZI Data)              1168 (   1.14kB)
    Total ROM Size (Code + RO Data + RW Data)       9996 (   9.76kB)

==============================================================================

